Archive member included to satisfy reference by file (symbol)

/home/ryouya/STM32Toolchain/gcc-arm-none-eabi-5_4-2016q3.2/bin/../lib/gcc/arm-none-eabi/5.4.1/../../../../arm-none-eabi/lib/armv7e-m/fpu/libc_nano.a(lib_a-exit.o)
                              /home/ryouya/STM32Toolchain/gcc-arm-none-eabi-5_4-2016q3.2/bin/../lib/gcc/arm-none-eabi/5.4.1/../../../../arm-none-eabi/lib/armv7e-m/fpu/crt0.o (exit)
/home/ryouya/STM32Toolchain/gcc-arm-none-eabi-5_4-2016q3.2/bin/../lib/gcc/arm-none-eabi/5.4.1/../../../../arm-none-eabi/lib/armv7e-m/fpu/libc_nano.a(lib_a-impure.o)
                              /home/ryouya/STM32Toolchain/gcc-arm-none-eabi-5_4-2016q3.2/bin/../lib/gcc/arm-none-eabi/5.4.1/../../../../arm-none-eabi/lib/armv7e-m/fpu/libc_nano.a(lib_a-exit.o) (_global_impure_ptr)
/home/ryouya/STM32Toolchain/gcc-arm-none-eabi-5_4-2016q3.2/bin/../lib/gcc/arm-none-eabi/5.4.1/../../../../arm-none-eabi/lib/armv7e-m/fpu/libc_nano.a(lib_a-init.o)
                              /home/ryouya/STM32Toolchain/gcc-arm-none-eabi-5_4-2016q3.2/bin/../lib/gcc/arm-none-eabi/5.4.1/../../../../arm-none-eabi/lib/armv7e-m/fpu/crt0.o (__libc_init_array)
/home/ryouya/STM32Toolchain/gcc-arm-none-eabi-5_4-2016q3.2/bin/../lib/gcc/arm-none-eabi/5.4.1/../../../../arm-none-eabi/lib/armv7e-m/fpu/libc_nano.a(lib_a-memset.o)
                              /home/ryouya/STM32Toolchain/gcc-arm-none-eabi-5_4-2016q3.2/bin/../lib/gcc/arm-none-eabi/5.4.1/../../../../arm-none-eabi/lib/armv7e-m/fpu/crt0.o (memset)
/home/ryouya/STM32Toolchain/gcc-arm-none-eabi-5_4-2016q3.2/bin/../lib/gcc/arm-none-eabi/5.4.1/../../../../arm-none-eabi/lib/armv7e-m/fpu/libc_nano.a(lib_a-sprintf.o)
                              build/main.o (sprintf)
/home/ryouya/STM32Toolchain/gcc-arm-none-eabi-5_4-2016q3.2/bin/../lib/gcc/arm-none-eabi/5.4.1/../../../../arm-none-eabi/lib/armv7e-m/fpu/libc_nano.a(lib_a-strlen.o)
                              build/main.o (strlen)
/home/ryouya/STM32Toolchain/gcc-arm-none-eabi-5_4-2016q3.2/bin/../lib/gcc/arm-none-eabi/5.4.1/../../../../arm-none-eabi/lib/armv7e-m/fpu/libc_nano.a(lib_a-nano-svfprintf.o)
                              /home/ryouya/STM32Toolchain/gcc-arm-none-eabi-5_4-2016q3.2/bin/../lib/gcc/arm-none-eabi/5.4.1/../../../../arm-none-eabi/lib/armv7e-m/fpu/libc_nano.a(lib_a-sprintf.o) (_svfprintf_r)
/home/ryouya/STM32Toolchain/gcc-arm-none-eabi-5_4-2016q3.2/bin/../lib/gcc/arm-none-eabi/5.4.1/../../../../arm-none-eabi/lib/armv7e-m/fpu/libc_nano.a(lib_a-nano-vfprintf_i.o)
                              /home/ryouya/STM32Toolchain/gcc-arm-none-eabi-5_4-2016q3.2/bin/../lib/gcc/arm-none-eabi/5.4.1/../../../../arm-none-eabi/lib/armv7e-m/fpu/libc_nano.a(lib_a-nano-svfprintf.o) (_printf_i)
/home/ryouya/STM32Toolchain/gcc-arm-none-eabi-5_4-2016q3.2/bin/../lib/gcc/arm-none-eabi/5.4.1/../../../../arm-none-eabi/lib/armv7e-m/fpu/libc_nano.a(lib_a-memchr.o)
                              /home/ryouya/STM32Toolchain/gcc-arm-none-eabi-5_4-2016q3.2/bin/../lib/gcc/arm-none-eabi/5.4.1/../../../../arm-none-eabi/lib/armv7e-m/fpu/libc_nano.a(lib_a-nano-svfprintf.o) (memchr)
/home/ryouya/STM32Toolchain/gcc-arm-none-eabi-5_4-2016q3.2/bin/../lib/gcc/arm-none-eabi/5.4.1/../../../../arm-none-eabi/lib/armv7e-m/fpu/libc_nano.a(lib_a-memcpy-stub.o)
                              /home/ryouya/STM32Toolchain/gcc-arm-none-eabi-5_4-2016q3.2/bin/../lib/gcc/arm-none-eabi/5.4.1/../../../../arm-none-eabi/lib/armv7e-m/fpu/libc_nano.a(lib_a-nano-svfprintf.o) (memcpy)
/home/ryouya/STM32Toolchain/gcc-arm-none-eabi-5_4-2016q3.2/bin/../lib/gcc/arm-none-eabi/5.4.1/../../../../arm-none-eabi/lib/armv7e-m/fpu/libc_nano.a(lib_a-memmove.o)
                              /home/ryouya/STM32Toolchain/gcc-arm-none-eabi-5_4-2016q3.2/bin/../lib/gcc/arm-none-eabi/5.4.1/../../../../arm-none-eabi/lib/armv7e-m/fpu/libc_nano.a(lib_a-nano-svfprintf.o) (memmove)
/home/ryouya/STM32Toolchain/gcc-arm-none-eabi-5_4-2016q3.2/bin/../lib/gcc/arm-none-eabi/5.4.1/../../../../arm-none-eabi/lib/armv7e-m/fpu/libc_nano.a(lib_a-nano-freer.o)
                              /home/ryouya/STM32Toolchain/gcc-arm-none-eabi-5_4-2016q3.2/bin/../lib/gcc/arm-none-eabi/5.4.1/../../../../arm-none-eabi/lib/armv7e-m/fpu/libc_nano.a(lib_a-nano-svfprintf.o) (_free_r)
/home/ryouya/STM32Toolchain/gcc-arm-none-eabi-5_4-2016q3.2/bin/../lib/gcc/arm-none-eabi/5.4.1/../../../../arm-none-eabi/lib/armv7e-m/fpu/libc_nano.a(lib_a-nano-mallocr.o)
                              /home/ryouya/STM32Toolchain/gcc-arm-none-eabi-5_4-2016q3.2/bin/../lib/gcc/arm-none-eabi/5.4.1/../../../../arm-none-eabi/lib/armv7e-m/fpu/libc_nano.a(lib_a-nano-svfprintf.o) (_malloc_r)
/home/ryouya/STM32Toolchain/gcc-arm-none-eabi-5_4-2016q3.2/bin/../lib/gcc/arm-none-eabi/5.4.1/../../../../arm-none-eabi/lib/armv7e-m/fpu/libc_nano.a(lib_a-nano-reallocr.o)
                              /home/ryouya/STM32Toolchain/gcc-arm-none-eabi-5_4-2016q3.2/bin/../lib/gcc/arm-none-eabi/5.4.1/../../../../arm-none-eabi/lib/armv7e-m/fpu/libc_nano.a(lib_a-nano-svfprintf.o) (_realloc_r)
[...]
Memory Configuration

Name             Origin             Length             Attributes
RAM              0x20000000         0x00018000         xrw
FLASH            0x08000000         0x00080000         xr
*default*        0x00000000         0xffffffff

Linker script and memory map

LOAD /home/ryouya/STM32Toolchain/gcc-arm-none-eabi-5_4-2016q3.2/bin/../lib/gcc/arm-none-eabi/5.4.1/armv7e-m/fpu/crti.o
LOAD /home/ryouya/STM32Toolchain/gcc-arm-none-eabi-5_4-2016q3.2/bin/../lib/gcc/arm-none-eabi/5.4.1/armv7e-m/fpu/crtbegin.o
LOAD /home/ryouya/STM32Toolchain/gcc-arm-none-eabi-5_4-2016q3.2/bin/../lib/gcc/arm-none-eabi/5.4.1/../../../../arm-none-eabi/lib/armv7e-m/fpu/crt0.o
LOAD build/stm32f4xx_it.o
LOAD build/stm32f4xx_hal_flash_ramfunc.o
LOAD build/stm32f4xx_hal_i2c_ex.o
LOAD build/stm32f4xx_hal_pwr_ex.o
LOAD build/stm32f4xx_hal_pwr.o
LOAD build/main.o
LOAD build/B3M.o
LOAD build/sd_hal_mpu6050.o
LOAD build/stm32f4xx_hal_msp.o
LOAD build/stm32f4xx_hal.o
LOAD build/system_stm32f4xx.o
LOAD build/stm32f4xx_hal_i2c.o
LOAD build/stm32f4xx_hal_flash_ex.o
LOAD build/stm32f4xx_hal_dma_ex.o
LOAD build/stm32f4xx_hal_dma.o
LOAD build/stm32f4xx_hal_tim.o
LOAD build/stm32f4xx_hal_tim_ex.o
LOAD build/stm32f4xx_hal_uart.o
LOAD build/stm32f4xx_hal_flash.o
LOAD build/stm32f4xx_hal_gpio.o
LOAD build/stm32f4xx_hal_rcc_ex.o
LOAD build/stm32f4xx_hal_rcc.o
LOAD build/stm32f4xx_hal_cortex.o
LOAD build/startup_stm32f401xe.o
LOAD /home/ryouya/STM32Toolchain/gcc-arm-none-eabi-5_4-2016q3.2/bin/../lib/gcc/arm-none-eabi/5.4.1/../../../../arm-none-eabi/lib/armv7e-m/fpu/libc_nano.a
LOAD /home/ryouya/STM32Toolchain/gcc-arm-none-eabi-5_4-2016q3.2/bin/../lib/gcc/arm-none-eabi/5.4.1/../../../../arm-none-eabi/lib/armv7e-m/fpu/libm.a
LOAD /home/ryouya/STM32Toolchain/gcc-arm-none-eabi-5_4-2016q3.2/bin/../lib/gcc/arm-none-eabi/5.4.1/../../../../arm-none-eabi/lib/armv7e-m/fpu/libnosys.a
START GROUP
LOAD /home/ryouya/STM32Toolchain/gcc-arm-none-eabi-5_4-2016q3.2/bin/../lib/gcc/arm-none-eabi/5.4.1/armv7e-m/fpu/libgcc.a
LOAD /home/ryouya/STM32Toolchain/gcc-arm-none-eabi-5_4-2016q3.2/bin/../lib/gcc/arm-none-eabi/5.4.1/../../../../arm-none-eabi/lib/armv7e-m/fpu/libc_nano.a
END GROUP
START GROUP
LOAD /home/ryouya/STM32Toolchain/gcc-arm-none-eabi-5_4-2016q3.2/bin/../lib/gcc/arm-none-eabi/5.4.1/armv7e-m/fpu/libgcc.a
LOAD /home/ryouya/STM32Toolchain/gcc-arm-none-eabi-5_4-2016q3.2/bin/../lib/gcc/arm-none-eabi/5.4.1/../../../../arm-none-eabi/lib/armv7e-m/fpu/libc_nano.a
END GROUP
LOAD /home/ryouya/STM32Toolchain/gcc-arm-none-eabi-5_4-2016q3.2/bin/../lib/gcc/arm-none-eabi/5.4.1/armv7e-m/fpu/crtend.o
LOAD /home/ryouya/STM32Toolchain/gcc-arm-none-eabi-5_4-2016q3.2/bin/../lib/gcc/arm-none-eabi/5.4.1/armv7e-m/fpu/crtn.o
                0x20018000                _estack = 0x20018000
                0x00000200                _Min_Heap_Size = 0x200
                0x00000400                _Min_Stack_Size = 0x400

.isr_vector     0x08000000      0x194
                0x08000000                . = ALIGN (0x4)
 *(.isr_vector)
 .isr_vector    0x08000000      0x194 build/startup_stm32f401xe.o
                0x08000000                g_pfnVectors
                0x08000194                . = ALIGN (0x4)

.text           0x080001a0     0x371c
                0x080001a0                . = ALIGN (0x4)
 *(.text)
 .text          0x080001a0       0x5c /home/ryouya/STM32Toolchain/gcc-arm-none-eabi-5_4-2016q3.2/bin/../lib/gcc/arm-none-eabi/5.4.1/armv7e-m/fpu/crtbegin.o
 .text          0x080001fc       0x10 /home/ryouya/STM32Toolchain/gcc-arm-none-eabi-5_4-2016q3.2/bin/../lib/gcc/arm-none-eabi/5.4.1/../../../../arm-none-eabi/lib/armv7e-m/fpu/libc_nano.a(lib_a-strlen.o)
                0x080001fc                strlen
 *fill*         0x0800020c        0x4 
 .text          0x08000210       0xa0 /home/ryouya/STM32Toolchain/gcc-arm-none-eabi-5_4-2016q3.2/bin/../lib/gcc/arm-none-eabi/5.4.1/../../../../arm-none-eabi/lib/armv7e-m/fpu/libc_nano.a(lib_a-memchr.o)
                0x08000210                memchr
 .text          0x080002b0      0x370 /home/ryouya/STM32Toolchain/gcc-arm-none-eabi-5_4-2016q3.2/bin/../lib/gcc/arm-none-eabi/5.4.1/armv7e-m/fpu/libgcc.a(_arm_addsubdf3.o)
                0x080002b0                __aeabi_drsub
                0x080002b8                __aeabi_dsub
                0x080002b8                __subdf3
                0x080002bc                __adddf3
                0x080002bc                __aeabi_dadd
                0x08000534                __aeabi_ui2d
                0x08000534                __floatunsidf
                0x08000554                __floatsidf
                0x08000554                __aeabi_i2d
                0x08000578                __extendsfdf2
                0x08000578                __aeabi_f2d
                0x080005b4                __aeabi_ul2d
                0x080005b4                __floatundidf
                0x080005c4                __floatdidf
                0x080005c4                __aeabi_l2d
 .text          0x08000620      0x424 /home/ryouya/STM32Toolchain/gcc-arm-none-eabi-5_4-2016q3.2/bin/../lib/gcc/arm-none-eabi/5.4.1/armv7e-m/fpu/libgcc.a(_arm_muldivdf3.o)
                0x08000620                __aeabi_dmul
                0x08000620                __muldf3
                0x08000874                __aeabi_ddiv
                0x08000874                __divdf3
 .text          0x08000a44       0x50 /home/ryouya/STM32Toolchain/gcc-arm-none-eabi-5_4-2016q3.2/bin/../lib/gcc/arm-none-eabi/5.4.1/armv7e-m/fpu/libgcc.a(_arm_fixdfsi.o)
                0x08000a44                __fixdfsi
                0x08000a44                __aeabi_d2iz
 *(.text*)
 .text.SysTick_Handler
                0x08000a94        0xc build/stm32f4xx_it.o
                0x08000a94                SysTick_Handler
 .text.HAL_I2CEx_ConfigAnalogFilter
                0x08000aa0       0x44 build/stm32f4xx_hal_i2c_ex.o
                0x08000aa0                HAL_I2CEx_ConfigAnalogFilter
 .text.MX_GPIO_Init
                0x08000ae4       0xc4 build/main.o
 .text._Error_Handler
                0x08000ba8        0x4 build/main.o
                0x08000ba8                _Error_Handler
 .text.MX_USART1_UART_Init
                0x08000bac       0x3c build/main.o
 .text.MX_USART6_UART_Init
                0x08000be8       0x3c build/main.o
 .text.MX_USART2_UART_Init
                0x08000c24       0x3c build/main.o
 .text.MX_I2C1_Init
                0x08000c60       0x48 build/main.o
 .text.SystemClock_Config
                0x08000ca8       0xc8 build/main.o
                0x08000ca8                SystemClock_Config
 .text.main     0x08000d70      0x238 build/main.o
                0x08000d70                main
 .text.B3M_Write_1B
                0x08000fa8       0x7c build/B3M.o
                0x08000fa8                B3M_Write_1B
 .text.B3M_SetDesirePostion
                0x08001024       0x80 build/B3M.o
                0x08001024                B3M_SetDesirePostion
 .text.B3M_RunNormal
                0x080010a4       0x44 build/B3M.o
                0x080010a4                B3M_RunNormal
 .text.SD_MPU6050_SetDataRate
                0x080010e8       0x2c build/sd_hal_mpu6050.o
                0x080010e8                SD_MPU6050_SetDataRate
 .text.SD_MPU6050_SetAccelerometer
                0x08001114       0xa8 build/sd_hal_mpu6050.o
                0x08001114                SD_MPU6050_SetAccelerometer
 .text.SD_MPU6050_SetGyroscope
                0x080011bc       0xb0 build/sd_hal_mpu6050.o
                0x080011bc                SD_MPU6050_SetGyroscope
 .text.SD_MPU6050_Init
                0x0800126c       0xb4 build/sd_hal_mpu6050.o
                0x0800126c                SD_MPU6050_Init
 .text.SD_MPU6050_ReadAccelerometer
                0x08001320       0x70 build/sd_hal_mpu6050.o
                0x08001320                SD_MPU6050_ReadAccelerometer
 .text.SD_MPU6050_ReadGyroscope
                0x08001390       0x70 build/sd_hal_mpu6050.o
                0x08001390                SD_MPU6050_ReadGyroscope
 .text.HAL_MspInit
                0x08001400       0x60 build/stm32f4xx_hal_msp.o
                0x08001400                HAL_MspInit
 .text.HAL_I2C_MspInit
                0x08001460       0x58 build/stm32f4xx_hal_msp.o
                0x08001460                HAL_I2C_MspInit
 .text.HAL_UART_MspInit
                0x080014b8       0xd8 build/stm32f4xx_hal_msp.o
                0x080014b8                HAL_UART_MspInit
 .text.HAL_InitTick
                0x08001590       0x2c build/stm32f4xx_hal.o
                0x08001590                HAL_InitTick
 .text.HAL_Init
                0x080015bc       0x34 build/stm32f4xx_hal.o
                0x080015bc                HAL_Init
 .text.HAL_IncTick
                0x080015f0       0x10 build/stm32f4xx_hal.o
                0x080015f0                HAL_IncTick
 .text.HAL_GetTick
                0x08001600        0xc build/stm32f4xx_hal.o
                0x08001600                HAL_GetTick
 .text.HAL_Delay
                0x0800160c       0x24 build/stm32f4xx_hal.o
                0x0800160c                HAL_Delay
 .text.SystemInit
                0x08001630       0x4c build/system_stm32f4xx.o
                0x08001630                SystemInit
 .text.I2C_IsAcknowledgeFailed
                0x0800167c       0x2c build/stm32f4xx_hal_i2c.o
 .text.I2C_WaitOnFlagUntilTimeout
                0x080016a8       0x68 build/stm32f4xx_hal_i2c.o
 .text.I2C_WaitOnMasterAddressFlagUntilTimeout
                0x08001710       0x94 build/stm32f4xx_hal_i2c.o
 .text.I2C_MasterRequestWrite
                0x080017a4       0xbc build/stm32f4xx_hal_i2c.o
 .text.I2C_MasterRequestRead
                0x08001860      0x120 build/stm32f4xx_hal_i2c.o
 .text.I2C_WaitOnTXEFlagUntilTimeout
                0x08001980       0x50 build/stm32f4xx_hal_i2c.o
 .text.I2C_WaitOnBTFFlagUntilTimeout
                0x080019d0       0x50 build/stm32f4xx_hal_i2c.o
 .text.I2C_WaitOnRXNEFlagUntilTimeout
                0x08001a20       0x60 build/stm32f4xx_hal_i2c.o
 .text.HAL_I2C_Init
                0x08001a80      0x11c build/stm32f4xx_hal_i2c.o
                0x08001a80                HAL_I2C_Init
 .text.HAL_I2C_Master_Transmit
                0x08001b9c      0x180 build/stm32f4xx_hal_i2c.o
                0x08001b9c                HAL_I2C_Master_Transmit
 .text.HAL_I2C_Master_Receive
                0x08001d1c      0x300 build/stm32f4xx_hal_i2c.o
                0x08001d1c                HAL_I2C_Master_Receive
 .text.HAL_I2C_IsDeviceReady
                0x0800201c      0x18c build/stm32f4xx_hal_i2c.o
                0x0800201c                HAL_I2C_IsDeviceReady
 .text.UART_SetConfig
                0x080021a8      0x32c build/stm32f4xx_hal_uart.o
 .text.UART_WaitOnFlagUntilTimeout
                0x080024d4       0x68 build/stm32f4xx_hal_uart.o
 .text.HAL_UART_Init
                0x0800253c       0x64 build/stm32f4xx_hal_uart.o
                0x0800253c                HAL_UART_Init
 .text.HAL_UART_Transmit
                0x080025a0       0xe4 build/stm32f4xx_hal_uart.o
                0x080025a0                HAL_UART_Transmit
 .text.HAL_GPIO_Init
                0x08002684      0x19c build/stm32f4xx_hal_gpio.o
                0x08002684                HAL_GPIO_Init
 .text.HAL_GPIO_ReadPin
                0x08002820       0x10 build/stm32f4xx_hal_gpio.o
                0x08002820                HAL_GPIO_ReadPin
 .text.HAL_GPIO_WritePin
                0x08002830        0xc build/stm32f4xx_hal_gpio.o
                0x08002830                HAL_GPIO_WritePin
 .text.HAL_RCC_OscConfig
                0x0800283c      0x3c8 build/stm32f4xx_hal_rcc.o
                0x0800283c                HAL_RCC_OscConfig
 .text.HAL_RCC_GetSysClockFreq
                0x08002c04       0xa4 build/stm32f4xx_hal_rcc.o
                0x08002c04                HAL_RCC_GetSysClockFreq
 .text.HAL_RCC_ClockConfig
                0x08002ca8      0x1b0 build/stm32f4xx_hal_rcc.o
                0x08002ca8                HAL_RCC_ClockConfig
 .text.HAL_RCC_GetHCLKFreq
                0x08002e58        0xc build/stm32f4xx_hal_rcc.o
                0x08002e58                HAL_RCC_GetHCLKFreq
 .text.HAL_RCC_GetPCLK1Freq
                0x08002e64       0x30 build/stm32f4xx_hal_rcc.o
                0x08002e64                HAL_RCC_GetPCLK1Freq
 .text.HAL_RCC_GetPCLK2Freq
                0x08002e94       0x30 build/stm32f4xx_hal_rcc.o
                0x08002e94                HAL_RCC_GetPCLK2Freq
 .text.HAL_NVIC_SetPriorityGrouping
                0x08002ec4       0x24 build/stm32f4xx_hal_cortex.o
                0x08002ec4                HAL_NVIC_SetPriorityGrouping
 .text.HAL_NVIC_SetPriority
                0x08002ee8       0x64 build/stm32f4xx_hal_cortex.o
                0x08002ee8                HAL_NVIC_SetPriority
 .text.HAL_SYSTICK_Config
                0x08002f4c       0x2c build/stm32f4xx_hal_cortex.o
                0x08002f4c                HAL_SYSTICK_Config
 .text.HAL_SYSTICK_CLKSourceConfig
                0x08002f78       0x20 build/stm32f4xx_hal_cortex.o
                0x08002f78                HAL_SYSTICK_CLKSourceConfig
 .text.HAL_SYSTICK_Callback
                0x08002f98        0x4 build/stm32f4xx_hal_cortex.o
                0x08002f98                HAL_SYSTICK_Callback
 .text.HAL_SYSTICK_IRQHandler
                0x08002f9c        0x8 build/stm32f4xx_hal_cortex.o
                0x08002f9c                HAL_SYSTICK_IRQHandler
 .text.Reset_Handler
                0x08002fa4       0x50 build/startup_stm32f401xe.o
                0x08002fa4                Reset_Handler
 .text.Default_Handler
                0x08002ff4        0x2 build/startup_stm32f401xe.o
                0x08002ff4                RTC_Alarm_IRQHandler
                0x08002ff4                EXTI2_IRQHandler
                0x08002ff4                DebugMon_Handler
                0x08002ff4                SPI4_IRQHandler
                0x08002ff4                TIM1_CC_IRQHandler
                0x08002ff4                DMA2_Stream5_IRQHandler
                0x08002ff4                HardFault_Handler
                0x08002ff4                DMA1_Stream5_IRQHandler
                0x08002ff4                PVD_IRQHandler
                0x08002ff4                SDIO_IRQHandler
                0x08002ff4                TAMP_STAMP_IRQHandler
                0x08002ff4                PendSV_Handler
                0x08002ff4                NMI_Handler
                0x08002ff4                EXTI3_IRQHandler
                0x08002ff4                TIM1_UP_TIM10_IRQHandler
                0x08002ff4                I2C3_ER_IRQHandler
                0x08002ff4                EXTI0_IRQHandler
                0x08002ff4                I2C2_EV_IRQHandler
                0x08002ff4                DMA1_Stream2_IRQHandler
                0x08002ff4                FPU_IRQHandler
                0x08002ff4                UsageFault_Handler
                0x08002ff4                DMA2_Stream2_IRQHandler
                0x08002ff4                SPI1_IRQHandler
                0x08002ff4                TIM1_BRK_TIM9_IRQHandler
                0x08002ff4                DMA2_Stream3_IRQHandler
                0x08002ff4                USART6_IRQHandler
                0x08002ff4                DMA2_Stream0_IRQHandler
                0x08002ff4                TIM4_IRQHandler
                0x08002ff4                I2C1_EV_IRQHandler
                0x08002ff4                DMA1_Stream6_IRQHandler
                0x08002ff4                DMA1_Stream1_IRQHandler
                0x08002ff4                TIM3_IRQHandler
                0x08002ff4                RCC_IRQHandler
                0x08002ff4                Default_Handler
                0x08002ff4                EXTI15_10_IRQHandler
                0x08002ff4                ADC_IRQHandler
                0x08002ff4                DMA1_Stream7_IRQHandler
                0x08002ff4                TIM5_IRQHandler
                0x08002ff4                DMA2_Stream7_IRQHandler
                0x08002ff4                I2C3_EV_IRQHandler
                0x08002ff4                EXTI9_5_IRQHandler
                0x08002ff4                RTC_WKUP_IRQHandler
                0x08002ff4                SPI2_IRQHandler
                0x08002ff4                MemManage_Handler
                0x08002ff4                DMA1_Stream0_IRQHandler
                0x08002ff4                SVC_Handler
                0x08002ff4                EXTI4_IRQHandler
                0x08002ff4                WWDG_IRQHandler
                0x08002ff4                TIM2_IRQHandler
                0x08002ff4                OTG_FS_WKUP_IRQHandler
                0x08002ff4                TIM1_TRG_COM_TIM11_IRQHandler
                0x08002ff4                EXTI1_IRQHandler
                0x08002ff4                USART2_IRQHandler
                0x08002ff4                I2C2_ER_IRQHandler
                0x08002ff4                DMA2_Stream1_IRQHandler
                0x08002ff4                FLASH_IRQHandler
                0x08002ff4                DMA2_Stream4_IRQHandler
                0x08002ff4                BusFault_Handler
                0x08002ff4                USART1_IRQHandler
                0x08002ff4                OTG_FS_IRQHandler
                0x08002ff4                SPI3_IRQHandler
                0x08002ff4                DMA1_Stream4_IRQHandler
                0x08002ff4                I2C1_ER_IRQHandler
                0x08002ff4                DMA2_Stream6_IRQHandler
                0x08002ff4                DMA1_Stream3_IRQHandler
 *fill*         0x08002ff6        0x2 
 .text.__libc_init_array
                0x08002ff8       0x4c /home/ryouya/STM32Toolchain/gcc-arm-none-eabi-5_4-2016q3.2/bin/../lib/gcc/arm-none-eabi/5.4.1/../../../../arm-none-eabi/lib/armv7e-m/fpu/libc_nano.a(lib_a-init.o)
                0x08002ff8                __libc_init_array
 .text.sprintf  0x08003044       0x48 /home/ryouya/STM32Toolchain/gcc-arm-none-eabi-5_4-2016q3.2/bin/../lib/gcc/arm-none-eabi/5.4.1/../../../../arm-none-eabi/lib/armv7e-m/fpu/libc_nano.a(lib_a-sprintf.o)
                0x08003044                sprintf
                0x08003044                siprintf
 .text.__ssputs_r
                0x0800308c       0xb2 /home/ryouya/STM32Toolchain/gcc-arm-none-eabi-5_4-2016q3.2/bin/../lib/gcc/arm-none-eabi/5.4.1/../../../../arm-none-eabi/lib/armv7e-m/fpu/libc_nano.a(lib_a-nano-svfprintf.o)
                0x0800308c                __ssputs_r
 *fill*         0x0800313e        0x2 
 .text._svfprintf_r
                0x08003140      0x1e8 /home/ryouya/STM32Toolchain/gcc-arm-none-eabi-5_4-2016q3.2/bin/../lib/gcc/arm-none-eabi/5.4.1/../../../../arm-none-eabi/lib/armv7e-m/fpu/libc_nano.a(lib_a-nano-svfprintf.o)
                0x08003140                _svfprintf_r
                0x08003140                _svfiprintf_r
 .text._printf_common
                0x08003328       0xec /home/ryouya/STM32Toolchain/gcc-arm-none-eabi-5_4-2016q3.2/bin/../lib/gcc/arm-none-eabi/5.4.1/../../../../arm-none-eabi/lib/armv7e-m/fpu/libc_nano.a(lib_a-nano-vfprintf_i.o)
                0x08003328                _printf_common
 .text._printf_i
                0x08003414      0x24c /home/ryouya/STM32Toolchain/gcc-arm-none-eabi-5_4-2016q3.2/bin/../lib/gcc/arm-none-eabi/5.4.1/../../../../arm-none-eabi/lib/armv7e-m/fpu/libc_nano.a(lib_a-nano-vfprintf_i.o)
                0x08003414                _printf_i
 .text.memcpy   0x08003660       0x16 /home/ryouya/STM32Toolchain/gcc-arm-none-eabi-5_4-2016q3.2/bin/../lib/gcc/arm-none-eabi/5.4.1/../../../../arm-none-eabi/lib/armv7e-m/fpu/libc_nano.a(lib_a-memcpy-stub.o)
                0x08003660                memcpy
 .text.memmove  0x08003676       0x36 /home/ryouya/STM32Toolchain/gcc-arm-none-eabi-5_4-2016q3.2/bin/../lib/gcc/arm-none-eabi/5.4.1/../../../../arm-none-eabi/lib/armv7e-m/fpu/libc_nano.a(lib_a-memmove.o)
                0x08003676                memmove
 .text._free_r  0x080036ac       0x9c /home/ryouya/STM32Toolchain/gcc-arm-none-eabi-5_4-2016q3.2/bin/../lib/gcc/arm-none-eabi/5.4.1/../../../../arm-none-eabi/lib/armv7e-m/fpu/libc_nano.a(lib_a-nano-freer.o)
                0x080036ac                _free_r
 .text._malloc_r
                0x08003748       0xbc /home/ryouya/STM32Toolchain/gcc-arm-none-eabi-5_4-2016q3.2/bin/../lib/gcc/arm-none-eabi/5.4.1/../../../../arm-none-eabi/lib/armv7e-m/fpu/libc_nano.a(lib_a-nano-mallocr.o)
                0x08003748                _malloc_r
 .text._realloc_r
                0x08003804       0x4c /home/ryouya/STM32Toolchain/gcc-arm-none-eabi-5_4-2016q3.2/bin/../lib/gcc/arm-none-eabi/5.4.1/../../../../arm-none-eabi/lib/armv7e-m/fpu/libc_nano.a(lib_a-nano-reallocr.o)
                0x08003804                _realloc_r
 .text._sbrk_r  0x08003850       0x20 /home/ryouya/STM32Toolchain/gcc-arm-none-eabi-5_4-2016q3.2/bin/../lib/gcc/arm-none-eabi/5.4.1/../../../../arm-none-eabi/lib/armv7e-m/fpu/libc_nano.a(lib_a-sbrkr.o)
                0x08003850                _sbrk_r
 .text.__malloc_lock
                0x08003870        0x2 /home/ryouya/STM32Toolchain/gcc-arm-none-eabi-5_4-2016q3.2/bin/../lib/gcc/arm-none-eabi/5.4.1/../../../../arm-none-eabi/lib/armv7e-m/fpu/libc_nano.a(lib_a-mlock.o)
                0x08003870                __malloc_lock
 .text.__malloc_unlock
                0x08003872        0x2 /home/ryouya/STM32Toolchain/gcc-arm-none-eabi-5_4-2016q3.2/bin/../lib/gcc/arm-none-eabi/5.4.1/../../../../arm-none-eabi/lib/armv7e-m/fpu/libc_nano.a(lib_a-mlock.o)
                0x08003872                __malloc_unlock
 .text._malloc_usable_size_r
                0x08003874       0x14 /home/ryouya/STM32Toolchain/gcc-arm-none-eabi-5_4-2016q3.2/bin/../lib/gcc/arm-none-eabi/5.4.1/../../../../arm-none-eabi/lib/armv7e-m/fpu/libc_nano.a(lib_a-nano-msizer.o)
                0x08003874                _malloc_usable_size_r
 .text._sbrk    0x08003888       0x1c /home/ryouya/STM32Toolchain/gcc-arm-none-eabi-5_4-2016q3.2/bin/../lib/gcc/arm-none-eabi/5.4.1/../../../../arm-none-eabi/lib/armv7e-m/fpu/libnosys.a(sbrk.o)
                0x08003888                _sbrk
 *(.glue_7)
 .glue_7        0x080038a4        0x0 linker stubs
 *(.glue_7t)
 .glue_7t       0x080038a4        0x0 linker stubs
 *(.eh_frame)
 .eh_frame      0x080038a4        0x0 /home/ryouya/STM32Toolchain/gcc-arm-none-eabi-5_4-2016q3.2/bin/../lib/gcc/arm-none-eabi/5.4.1/armv7e-m/fpu/crtbegin.o
 *(.init)
 .init          0x080038a4        0x4 /home/ryouya/STM32Toolchain/gcc-arm-none-eabi-5_4-2016q3.2/bin/../lib/gcc/arm-none-eabi/5.4.1/armv7e-m/fpu/crti.o
                0x080038a4                _init
 .init          0x080038a8        0x8 /home/ryouya/STM32Toolchain/gcc-arm-none-eabi-5_4-2016q3.2/bin/../lib/gcc/arm-none-eabi/5.4.1/armv7e-m/fpu/crtn.o
 *(.fini)
 .fini          0x080038b0        0x4 /home/ryouya/STM32Toolchain/gcc-arm-none-eabi-5_4-2016q3.2/bin/../lib/gcc/arm-none-eabi/5.4.1/armv7e-m/fpu/crti.o
                0x080038b0                _fini
 .fini          0x080038b4        0x8 /home/ryouya/STM32Toolchain/gcc-arm-none-eabi-5_4-2016q3.2/bin/../lib/gcc/arm-none-eabi/5.4.1/armv7e-m/fpu/crtn.o
                0x080038bc                . = ALIGN (0x4)
                0x080038bc                _etext = .

.vfp11_veneer   0x080038bc        0x0
 .vfp11_veneer  0x080038bc        0x0 linker stubs

.v4_bx          0x080038bc        0x0
 .v4_bx         0x080038bc        0x0 linker stubs

.iplt           0x080038bc        0x0
 .iplt          0x080038bc        0x0 /home/ryouya/STM32Toolchain/gcc-arm-none-eabi-5_4-2016q3.2/bin/../lib/gcc/arm-none-eabi/5.4.1/armv7e-m/fpu/crtbegin.o

.rodata         0x080038bc       0x84
                0x080038bc                . = ALIGN (0x4)
 *(.rodata)
 *(.rodata*)
 .rodata.str1.4
                0x080038bc       0x38 build/main.o
                                 0x35 (size before relaxing)
 .rodata.AHBPrescTable
                0x080038f4       0x10 build/system_stm32f4xx.o
                0x080038f4                AHBPrescTable
 .rodata.APBPrescTable
                0x08003904        0x8 build/system_stm32f4xx.o
                0x08003904                APBPrescTable
 .rodata.str1.1
                0x0800390c       0x11 /home/ryouya/STM32Toolchain/gcc-arm-none-eabi-5_4-2016q3.2/bin/../lib/gcc/arm-none-eabi/5.4.1/../../../../arm-none-eabi/lib/armv7e-m/fpu/libc_nano.a(lib_a-nano-svfprintf.o)
 .rodata.str1.1
                0x0800391d       0x22 /home/ryouya/STM32Toolchain/gcc-arm-none-eabi-5_4-2016q3.2/bin/../lib/gcc/arm-none-eabi/5.4.1/../../../../arm-none-eabi/lib/armv7e-m/fpu/libc_nano.a(lib_a-nano-vfprintf_i.o)
                0x08003940                . = ALIGN (0x4)
 *fill*         0x0800393f        0x1 

.rel.dyn        0x08003940        0x0
 .rel.iplt      0x08003940        0x0 /home/ryouya/STM32Toolchain/gcc-arm-none-eabi-5_4-2016q3.2/bin/../lib/gcc/arm-none-eabi/5.4.1/armv7e-m/fpu/crtbegin.o

.ARM.extab
 *(.ARM.extab* .gnu.linkonce.armextab.*)

.ARM            0x08003940        0x0
                0x08003940                __exidx_start = .
 *(.ARM.exidx*)
                0x08003940                __exidx_end = .

.preinit_array  0x08003940        0x0
                0x08003940                PROVIDE (__preinit_array_start, .)
 *(.preinit_array*)
                0x08003940                PROVIDE (__preinit_array_end, .)

.init_array     0x08003940        0x4
                0x08003940                PROVIDE (__init_array_start, .)
 *(SORT(.init_array.*))
 *(.init_array*)
 .init_array    0x08003940        0x4 /home/ryouya/STM32Toolchain/gcc-arm-none-eabi-5_4-2016q3.2/bin/../lib/gcc/arm-none-eabi/5.4.1/armv7e-m/fpu/crtbegin.o
                0x08003944                PROVIDE (__init_array_end, .)

.fini_array     0x08003944        0x4
                [!provide]                PROVIDE (__fini_array_start, .)
 *(SORT(.fini_array.*))
 *(.fini_array*)
 .fini_array    0x08003944        0x4 /home/ryouya/STM32Toolchain/gcc-arm-none-eabi-5_4-2016q3.2/bin/../lib/gcc/arm-none-eabi/5.4.1/armv7e-m/fpu/crtbegin.o
                [!provide]                PROVIDE (__fini_array_end, .)
                0x08003948                _sidata = LOADADDR (.data)

.data           0x20000000       0x68 load address 0x08003948
                0x20000000                . = ALIGN (0x4)
                0x20000000                _sdata = .
 *(.data)
 *(.data*)
 .data.SystemCoreClock
                0x20000000        0x4 build/system_stm32f4xx.o
                0x20000000                SystemCoreClock
 .data.impure_data
                0x20000004       0x60 /home/ryouya/STM32Toolchain/gcc-arm-none-eabi-5_4-2016q3.2/bin/../lib/gcc/arm-none-eabi/5.4.1/../../../../arm-none-eabi/lib/armv7e-m/fpu/libc_nano.a(lib_a-impure.o)
 .data._impure_ptr
                0x20000064        0x4 /home/ryouya/STM32Toolchain/gcc-arm-none-eabi-5_4-2016q3.2/bin/../lib/gcc/arm-none-eabi/5.4.1/../../../../arm-none-eabi/lib/armv7e-m/fpu/libc_nano.a(lib_a-impure.o)
                0x20000064                _impure_ptr
                0x20000068                . = ALIGN (0x4)
                0x20000068                _edata = .

.jcr            0x20000068        0x0 load address 0x080039b0
 .jcr           0x20000068        0x0 /home/ryouya/STM32Toolchain/gcc-arm-none-eabi-5_4-2016q3.2/bin/../lib/gcc/arm-none-eabi/5.4.1/armv7e-m/fpu/crtbegin.o

.igot.plt       0x20000068        0x0 load address 0x080039b0
 .igot.plt      0x20000068        0x0 /home/ryouya/STM32Toolchain/gcc-arm-none-eabi-5_4-2016q3.2/bin/../lib/gcc/arm-none-eabi/5.4.1/armv7e-m/fpu/crtbegin.o
                0x20000068                . = ALIGN (0x4)

.bss            0x20000068      0x160 load address 0x080039b0
                0x20000068                _sbss = .
                0x20000068                __bss_start__ = _sbss
 *(.bss)
 .bss           0x20000068       0x1c /home/ryouya/STM32Toolchain/gcc-arm-none-eabi-5_4-2016q3.2/bin/../lib/gcc/arm-none-eabi/5.4.1/armv7e-m/fpu/crtbegin.o
 *(.bss*)
 .bss.__malloc_sbrk_start
                0x20000084        0x4 /home/ryouya/STM32Toolchain/gcc-arm-none-eabi-5_4-2016q3.2/bin/../lib/gcc/arm-none-eabi/5.4.1/../../../../arm-none-eabi/lib/armv7e-m/fpu/libc_nano.a(lib_a-nano-mallocr.o)
                0x20000084                __malloc_sbrk_start
 .bss.__malloc_free_list
                0x20000088        0x4 /home/ryouya/STM32Toolchain/gcc-arm-none-eabi-5_4-2016q3.2/bin/../lib/gcc/arm-none-eabi/5.4.1/../../../../arm-none-eabi/lib/armv7e-m/fpu/libc_nano.a(lib_a-nano-mallocr.o)
                0x20000088                __malloc_free_list
 .bss.heap_end.4169
                0x2000008c        0x4 /home/ryouya/STM32Toolchain/gcc-arm-none-eabi-5_4-2016q3.2/bin/../lib/gcc/arm-none-eabi/5.4.1/../../../../arm-none-eabi/lib/armv7e-m/fpu/libnosys.a(sbrk.o)
 *(COMMON)
 COMMON         0x20000090      0x130 build/main.o
                0x20000090                hi2c1
                0x200000e4                huart1
                0x20000124                huart6
                0x20000164                huart2
                0x200001a4                mpu1
 COMMON         0x200001c0        0x4 build/stm32f4xx_hal.o
                0x200001c0                uwTick
 COMMON         0x200001c4        0x4 /home/ryouya/STM32Toolchain/gcc-arm-none-eabi-5_4-2016q3.2/bin/../lib/gcc/arm-none-eabi/5.4.1/../../../../arm-none-eabi/lib/armv7e-m/fpu/libc_nano.a(lib_a-reent.o)
                0x200001c4                errno
                0x200001c8                . = ALIGN (0x4)
                0x200001c8                _ebss = .
                0x200001c8                __bss_end__ = _ebss

._user_heap_stack
                0x200001c8      0x600 load address 0x080039b0
                0x200001c8                . = ALIGN (0x8)
                0x200001c8                PROVIDE (end, .)
                [!provide]                PROVIDE (_end, .)
                0x200003c8                . = (. + _Min_Heap_Size)
 *fill*         0x200001c8      0x200 
                0x200007c8                . = (. + _Min_Stack_Size)
 *fill*         0x200003c8      0x400 
                0x200007c8                . = ALIGN (0x8)

/DISCARD/
 libc.a(*)
 libm.a(*)
 libgcc.a(*)

.ARM.attributes
                0x00000000       0x30
 *(.ARM.attributes)
 .ARM.attributes
                0x00000000       0x22 /home/ryouya/STM32Toolchain/gcc-arm-none-eabi-5_4-2016q3.2/bin/../lib/gcc/arm-none-eabi/5.4.1/armv7e-m/fpu/crti.o
 .ARM.attributes
                0x00000022       0x34 /home/ryouya/STM32Toolchain/gcc-arm-none-eabi-5_4-2016q3.2/bin/../lib/gcc/arm-none-eabi/5.4.1/armv7e-m/fpu/crtbegin.o
 .ARM.attributes
                0x00000056       0x39 build/stm32f4xx_it.o
 .ARM.attributes
                0x0000008f       0x39 build/stm32f4xx_hal_i2c_ex.o
 .ARM.attributes
                0x000000c8       0x39 build/main.o
 .ARM.attributes
                0x00000101       0x39 build/B3M.o
 .ARM.attributes
                0x0000013a       0x39 build/sd_hal_mpu6050.o
 .ARM.attributes
                0x00000173       0x39 build/stm32f4xx_hal_msp.o
 .ARM.attributes
                0x000001ac       0x39 build/stm32f4xx_hal.o
 .ARM.attributes
                0x000001e5       0x39 build/system_stm32f4xx.o
 .ARM.attributes
                0x0000021e       0x39 build/stm32f4xx_hal_i2c.o
 .ARM.attributes
                0x00000257       0x39 build/stm32f4xx_hal_uart.o
 .ARM.attributes
                0x00000290       0x39 build/stm32f4xx_hal_gpio.o
 .ARM.attributes
                0x000002c9       0x39 build/stm32f4xx_hal_rcc.o
 .ARM.attributes
                0x00000302       0x39 build/stm32f4xx_hal_cortex.o
 .ARM.attributes
                0x0000033b       0x21 build/startup_stm32f401xe.o
 .ARM.attributes
                0x0000035c       0x34 /home/ryouya/STM32Toolchain/gcc-arm-none-eabi-5_4-2016q3.2/bin/../lib/gcc/arm-none-eabi/5.4.1/../../../../arm-none-eabi/lib/armv7e-m/fpu/libc_nano.a(lib_a-impure.o)
 .ARM.attributes
                0x00000390       0x34 /home/ryouya/STM32Toolchain/gcc-arm-none-eabi-5_4-2016q3.2/bin/../lib/gcc/arm-none-eabi/5.4.1/../../../../arm-none-eabi/lib/armv7e-m/fpu/libc_nano.a(lib_a-init.o)
 .ARM.attributes
                0x000003c4       0x34 /home/ryouya/STM32Toolchain/gcc-arm-none-eabi-5_4-2016q3.2/bin/../lib/gcc/arm-none-eabi/5.4.1/../../../../arm-none-eabi/lib/armv7e-m/fpu/libc_nano.a(lib_a-sprintf.o)
 .ARM.attributes
                0x000003f8       0x1b /home/ryouya/STM32Toolchain/gcc-arm-none-eabi-5_4-2016q3.2/bin/../lib/gcc/arm-none-eabi/5.4.1/../../../../arm-none-eabi/lib/armv7e-m/fpu/libc_nano.a(lib_a-strlen.o)
 .ARM.attributes
                0x00000413       0x34 /home/ryouya/STM32Toolchain/gcc-arm-none-eabi-5_4-2016q3.2/bin/../lib/gcc/arm-none-eabi/5.4.1/../../../../arm-none-eabi/lib/armv7e-m/fpu/libc_nano.a(lib_a-nano-svfprintf.o)
 .ARM.attributes
                0x00000447       0x34 /home/ryouya/STM32Toolchain/gcc-arm-none-eabi-5_4-2016q3.2/bin/../lib/gcc/arm-none-eabi/5.4.1/../../../../arm-none-eabi/lib/armv7e-m/fpu/libc_nano.a(lib_a-nano-vfprintf_i.o)
 .ARM.attributes
                0x0000047b       0x20 /home/ryouya/STM32Toolchain/gcc-arm-none-eabi-5_4-2016q3.2/bin/../lib/gcc/arm-none-eabi/5.4.1/../../../../arm-none-eabi/lib/armv7e-m/fpu/libc_nano.a(lib_a-memchr.o)
 .ARM.attributes
                0x0000049b       0x34 /home/ryouya/STM32Toolchain/gcc-arm-none-eabi-5_4-2016q3.2/bin/../lib/gcc/arm-none-eabi/5.4.1/../../../../arm-none-eabi/lib/armv7e-m/fpu/libc_nano.a(lib_a-memcpy-stub.o)
 .ARM.attributes
                0x000004cf       0x34 /home/ryouya/STM32Toolchain/gcc-arm-none-eabi-5_4-2016q3.2/bin/../lib/gcc/arm-none-eabi/5.4.1/../../../../arm-none-eabi/lib/armv7e-m/fpu/libc_nano.a(lib_a-memmove.o)
 .ARM.attributes
                0x00000503       0x34 /home/ryouya/STM32Toolchain/gcc-arm-none-eabi-5_4-2016q3.2/bin/../lib/gcc/arm-none-eabi/5.4.1/../../../../arm-none-eabi/lib/armv7e-m/fpu/libc_nano.a(lib_a-nano-freer.o)
 .ARM.attributes
                0x00000537       0x34 /home/ryouya/STM32Toolchain/gcc-arm-none-eabi-5_4-2016q3.2/bin/../lib/gcc/arm-none-eabi/5.4.1/../../../../arm-none-eabi/lib/armv7e-m/fpu/libc_nano.a(lib_a-nano-mallocr.o)
 .ARM.attributes
                0x0000056b       0x34 /home/ryouya/STM32Toolchain/gcc-arm-none-eabi-5_4-2016q3.2/bin/../lib/gcc/arm-none-eabi/5.4.1/../../../../arm-none-eabi/lib/armv7e-m/fpu/libc_nano.a(lib_a-nano-reallocr.o)
 .ARM.attributes
                0x0000059f       0x34 /home/ryouya/STM32Toolchain/gcc-arm-none-eabi-5_4-2016q3.2/bin/../lib/gcc/arm-none-eabi/5.4.1/../../../../arm-none-eabi/lib/armv7e-m/fpu/libc_nano.a(lib_a-sbrkr.o)
 .ARM.attributes
                0x000005d3       0x34 /home/ryouya/STM32Toolchain/gcc-arm-none-eabi-5_4-2016q3.2/bin/../lib/gcc/arm-none-eabi/5.4.1/../../../../arm-none-eabi/lib/armv7e-m/fpu/libc_nano.a(lib_a-mlock.o)
 .ARM.attributes
                0x00000607       0x34 /home/ryouya/STM32Toolchain/gcc-arm-none-eabi-5_4-2016q3.2/bin/../lib/gcc/arm-none-eabi/5.4.1/../../../../arm-none-eabi/lib/armv7e-m/fpu/libc_nano.a(lib_a-nano-msizer.o)
 .ARM.attributes
                0x0000063b       0x34 /home/ryouya/STM32Toolchain/gcc-arm-none-eabi-5_4-2016q3.2/bin/../lib/gcc/arm-none-eabi/5.4.1/../../../../arm-none-eabi/lib/armv7e-m/fpu/libc_nano.a(lib_a-reent.o)
 .ARM.attributes
                0x0000066f       0x34 /home/ryouya/STM32Toolchain/gcc-arm-none-eabi-5_4-2016q3.2/bin/../lib/gcc/arm-none-eabi/5.4.1/../../../../arm-none-eabi/lib/armv7e-m/fpu/libnosys.a(sbrk.o)
 .ARM.attributes
                0x000006a3       0x22 /home/ryouya/STM32Toolchain/gcc-arm-none-eabi-5_4-2016q3.2/bin/../lib/gcc/arm-none-eabi/5.4.1/armv7e-m/fpu/libgcc.a(_arm_addsubdf3.o)
 .ARM.attributes
                0x000006c5       0x22 /home/ryouya/STM32Toolchain/gcc-arm-none-eabi-5_4-2016q3.2/bin/../lib/gcc/arm-none-eabi/5.4.1/armv7e-m/fpu/libgcc.a(_arm_muldivdf3.o)
 .ARM.attributes
                0x000006e7       0x22 /home/ryouya/STM32Toolchain/gcc-arm-none-eabi-5_4-2016q3.2/bin/../lib/gcc/arm-none-eabi/5.4.1/armv7e-m/fpu/libgcc.a(_arm_fixdfsi.o)
 .ARM.attributes
                0x00000709       0x22 /home/ryouya/STM32Toolchain/gcc-arm-none-eabi-5_4-2016q3.2/bin/../lib/gcc/arm-none-eabi/5.4.1/armv7e-m/fpu/crtn.o
OUTPUT(build/lowp.elf elf32-littlearm)

.debug_info     0x00000000     0xf052
 .debug_info    0x00000000       0xf6 build/stm32f4xx_it.o
 .debug_info    0x000000f6      0x712 build/stm32f4xx_hal_i2c_ex.o
 .debug_info    0x00000808     0x1acf build/main.o
 .debug_info    0x000022d7     0x2c50 build/B3M.o
 .debug_info    0x00004f27     0x137d build/sd_hal_mpu6050.o
 .debug_info    0x000062a4     0x1070 build/stm32f4xx_hal_msp.o
 .debug_info    0x00007314      0x980 build/stm32f4xx_hal.o
 .debug_info    0x00007c94      0x5a6 build/system_stm32f4xx.o
 .debug_info    0x0000823a     0x3061 build/stm32f4xx_hal_i2c.o
 .debug_info    0x0000b29b     0x181e build/stm32f4xx_hal_uart.o
 .debug_info    0x0000cab9      0x7ef build/stm32f4xx_hal_gpio.o
 .debug_info    0x0000d2a8      0xdf3 build/stm32f4xx_hal_rcc.o
 .debug_info    0x0000e09b      0xf53 build/stm32f4xx_hal_cortex.o
 .debug_info    0x0000efee       0x64 build/startup_stm32f401xe.o

.debug_abbrev   0x00000000     0x1b9a
 .debug_abbrev  0x00000000       0x9a build/stm32f4xx_it.o
 .debug_abbrev  0x0000009a      0x135 build/stm32f4xx_hal_i2c_ex.o
 .debug_abbrev  0x000001cf      0x2a4 build/main.o
 .debug_abbrev  0x00000473      0x24f build/B3M.o
 .debug_abbrev  0x000006c2      0x23e build/sd_hal_mpu6050.o
 .debug_abbrev  0x00000900      0x1a1 build/stm32f4xx_hal_msp.o
 .debug_abbrev  0x00000aa1      0x2a1 build/stm32f4xx_hal.o
 .debug_abbrev  0x00000d42      0x103 build/system_stm32f4xx.o
 .debug_abbrev  0x00000e45      0x297 build/stm32f4xx_hal_i2c.o
 .debug_abbrev  0x000010dc      0x2cd build/stm32f4xx_hal_uart.o
 .debug_abbrev  0x000013a9      0x202 build/stm32f4xx_hal_gpio.o
 .debug_abbrev  0x000015ab      0x2ca build/stm32f4xx_hal_rcc.o
 .debug_abbrev  0x00001875      0x313 build/stm32f4xx_hal_cortex.o
 .debug_abbrev  0x00001b88       0x12 build/startup_stm32f401xe.o

.debug_loc      0x00000000     0xa02a
 .debug_loc     0x00000000       0x20 build/stm32f4xx_it.o
 .debug_loc     0x00000020      0x102 build/stm32f4xx_hal_i2c_ex.o
 .debug_loc     0x00000122      0x2e1 build/main.o
 .debug_loc     0x00000403     0x2d74 build/B3M.o
 .debug_loc     0x00003177      0x855 build/sd_hal_mpu6050.o
 .debug_loc     0x000039cc      0x1cf build/stm32f4xx_hal_msp.o
 .debug_loc     0x00003b9b      0x129 build/stm32f4xx_hal.o
 .debug_loc     0x00003cc4      0x132 build/system_stm32f4xx.o
 .debug_loc     0x00003df6     0x38be build/stm32f4xx_hal_i2c.o
 .debug_loc     0x000076b4     0x1822 build/stm32f4xx_hal_uart.o
 .debug_loc     0x00008ed6      0x43e build/stm32f4xx_hal_gpio.o
 .debug_loc     0x00009314      0x756 build/stm32f4xx_hal_rcc.o
 .debug_loc     0x00009a6a      0x5c0 build/stm32f4xx_hal_cortex.o

.debug_aranges  0x00000000      0xbf0
 .debug_aranges
                0x00000000       0x20 build/stm32f4xx_it.o
 .debug_aranges
                0x00000020       0x28 build/stm32f4xx_hal_i2c_ex.o
 .debug_aranges
                0x00000048       0x70 build/main.o
 .debug_aranges
                0x000000b8      0x3b0 build/B3M.o
 .debug_aranges
                0x00000468       0x70 build/sd_hal_mpu6050.o
 .debug_aranges
                0x000004d8       0x40 build/stm32f4xx_hal_msp.o
 .debug_aranges
                0x00000518       0xc8 build/stm32f4xx_hal.o
 .debug_aranges
                0x000005e0       0x28 build/system_stm32f4xx.o
 .debug_aranges
                0x00000608      0x268 build/stm32f4xx_hal_i2c.o
 .debug_aranges
                0x00000870      0x1d0 build/stm32f4xx_hal_uart.o
 .debug_aranges
                0x00000a40       0x58 build/stm32f4xx_hal_gpio.o
 .debug_aranges
                0x00000a98       0x88 build/stm32f4xx_hal_rcc.o
 .debug_aranges
                0x00000b20       0xa8 build/stm32f4xx_hal_cortex.o
 .debug_aranges
                0x00000bc8       0x28 build/startup_stm32f401xe.o

.debug_ranges   0x00000000      0xb18
 .debug_ranges  0x00000000       0x10 build/stm32f4xx_it.o
 .debug_ranges  0x00000010       0x18 build/stm32f4xx_hal_i2c_ex.o
 .debug_ranges  0x00000028       0x60 build/main.o
 .debug_ranges  0x00000088      0x3a0 build/B3M.o
 .debug_ranges  0x00000428       0x60 build/sd_hal_mpu6050.o
 .debug_ranges  0x00000488       0x30 build/stm32f4xx_hal_msp.o
 .debug_ranges  0x000004b8       0xb8 build/stm32f4xx_hal.o
 .debug_ranges  0x00000570       0x18 build/system_stm32f4xx.o
 .debug_ranges  0x00000588      0x258 build/stm32f4xx_hal_i2c.o
 .debug_ranges  0x000007e0      0x1c0 build/stm32f4xx_hal_uart.o
 .debug_ranges  0x000009a0       0x48 build/stm32f4xx_hal_gpio.o
 .debug_ranges  0x000009e8       0x78 build/stm32f4xx_hal_rcc.o
 .debug_ranges  0x00000a60       0x98 build/stm32f4xx_hal_cortex.o
 .debug_ranges  0x00000af8       0x20 build/startup_stm32f401xe.o

.debug_line     0x00000000     0x48c8
 .debug_line    0x00000000      0x185 build/stm32f4xx_it.o
 .debug_line    0x00000185      0x222 build/stm32f4xx_hal_i2c_ex.o
 .debug_line    0x000003a7      0x464 build/main.o
 .debug_line    0x0000080b      0xb40 build/B3M.o
 .debug_line    0x0000134b      0x361 build/sd_hal_mpu6050.o
 .debug_line    0x000016ac      0x29e build/stm32f4xx_hal_msp.o
 .debug_line    0x0000194a      0x3ad build/stm32f4xx_hal.o
 .debug_line    0x00001cf7      0x1a0 build/system_stm32f4xx.o
 .debug_line    0x00001e97     0x1276 build/stm32f4xx_hal_i2c.o
 .debug_line    0x0000310d      0xac1 build/stm32f4xx_hal_uart.o
 .debug_line    0x00003bce      0x33d build/stm32f4xx_hal_gpio.o
 .debug_line    0x00003f0b      0x56c build/stm32f4xx_hal_rcc.o
 .debug_line    0x00004477      0x3dd build/stm32f4xx_hal_cortex.o
 .debug_line    0x00004854       0x74 build/startup_stm32f401xe.o

.debug_str      0x00000000     0x3784
 .debug_str     0x00000000      0x1a5 build/stm32f4xx_it.o
                                0x1e6 (size before relaxing)
 .debug_str     0x000001a5      0x553 build/stm32f4xx_hal_i2c_ex.o
                                0x77c (size before relaxing)
 .debug_str     0x000006f8      0xc5d build/main.o
                               0x137f (size before relaxing)
 .debug_str     0x00001355      0xc10 build/B3M.o
                               0x1245 (size before relaxing)
 .debug_str     0x00001f65      0x256 build/sd_hal_mpu6050.o
                                0xba1 (size before relaxing)
 .debug_str     0x000021bb       0x97 build/stm32f4xx_hal_msp.o
                                0xe05 (size before relaxing)
 .debug_str     0x00002252      0x256 build/stm32f4xx_hal.o
                                0x964 (size before relaxing)
 .debug_str     0x000024a8       0xc3 build/system_stm32f4xx.o
                                0x3a7 (size before relaxing)
 .debug_str     0x0000256b      0x7b7 build/stm32f4xx_hal_i2c.o
                                0xf60 (size before relaxing)
 .debug_str     0x00002d22      0x4f7 build/stm32f4xx_hal_uart.o
                                0xc07 (size before relaxing)
 .debug_str     0x00003219      0x10f build/stm32f4xx_hal_gpio.o
                                0x517 (size before relaxing)
 .debug_str     0x00003328      0x123 build/stm32f4xx_hal_rcc.o
                                0x6fd (size before relaxing)
 .debug_str     0x0000344b      0x339 build/stm32f4xx_hal_cortex.o
                                0xacd (size before relaxing)

.comment        0x00000000       0x6e
 .comment       0x00000000       0x6e build/stm32f4xx_it.o
                                 0x6f (size before relaxing)
 .comment       0x0000006e       0x6f build/stm32f4xx_hal_i2c_ex.o
 .comment       0x0000006e       0x6f build/main.o
 .comment       0x0000006e       0x6f build/B3M.o
 .comment       0x0000006e       0x6f build/sd_hal_mpu6050.o
 .comment       0x0000006e       0x6f build/stm32f4xx_hal_msp.o
 .comment       0x0000006e       0x6f build/stm32f4xx_hal.o
 .comment       0x0000006e       0x6f build/system_stm32f4xx.o
 .comment       0x0000006e       0x6f build/stm32f4xx_hal_i2c.o
 .comment       0x0000006e       0x6f build/stm32f4xx_hal_uart.o
 .comment       0x0000006e       0x6f build/stm32f4xx_hal_gpio.o
 .comment       0x0000006e       0x6f build/stm32f4xx_hal_rcc.o
 .comment       0x0000006e       0x6f build/stm32f4xx_hal_cortex.o

.debug_frame    0x00000000     0x32b0
 .debug_frame   0x00000000       0x2c build/stm32f4xx_it.o
 .debug_frame   0x0000002c       0x30 build/stm32f4xx_hal_i2c_ex.o
 .debug_frame   0x0000005c      0x16c build/main.o
 .debug_frame   0x000001c8     0x1714 build/B3M.o
 .debug_frame   0x000018dc      0x1d0 build/sd_hal_mpu6050.o
 .debug_frame   0x00001aac       0xa8 build/stm32f4xx_hal_msp.o
 .debug_frame   0x00001b54      0x1a8 build/stm32f4xx_hal.o
 .debug_frame   0x00001cfc       0x30 build/system_stm32f4xx.o
 .debug_frame   0x00001d2c      0x8fc build/stm32f4xx_hal_i2c.o
 .debug_frame   0x00002628      0x574 build/stm32f4xx_hal_uart.o
 .debug_frame   0x00002b9c       0xd4 build/stm32f4xx_hal_gpio.o
 .debug_frame   0x00002c70      0x168 build/stm32f4xx_hal_rcc.o
 .debug_frame   0x00002dd8      0x164 build/stm32f4xx_hal_cortex.o
 .debug_frame   0x00002f3c       0x2c /home/ryouya/STM32Toolchain/gcc-arm-none-eabi-5_4-2016q3.2/bin/../lib/gcc/arm-none-eabi/5.4.1/../../../../arm-none-eabi/lib/armv7e-m/fpu/libc_nano.a(lib_a-init.o)
 .debug_frame   0x00002f68       0x70 /home/ryouya/STM32Toolchain/gcc-arm-none-eabi-5_4-2016q3.2/bin/../lib/gcc/arm-none-eabi/5.4.1/../../../../arm-none-eabi/lib/armv7e-m/fpu/libc_nano.a(lib_a-sprintf.o)
 .debug_frame   0x00002fd8       0x90 /home/ryouya/STM32Toolchain/gcc-arm-none-eabi-5_4-2016q3.2/bin/../lib/gcc/arm-none-eabi/5.4.1/../../../../arm-none-eabi/lib/armv7e-m/fpu/libc_nano.a(lib_a-nano-svfprintf.o)
 .debug_frame   0x00003068       0x60 /home/ryouya/STM32Toolchain/gcc-arm-none-eabi-5_4-2016q3.2/bin/../lib/gcc/arm-none-eabi/5.4.1/../../../../arm-none-eabi/lib/armv7e-m/fpu/libc_nano.a(lib_a-nano-vfprintf_i.o)
 .debug_frame   0x000030c8       0x28 /home/ryouya/STM32Toolchain/gcc-arm-none-eabi-5_4-2016q3.2/bin/../lib/gcc/arm-none-eabi/5.4.1/../../../../arm-none-eabi/lib/armv7e-m/fpu/libc_nano.a(lib_a-memcpy-stub.o)
 .debug_frame   0x000030f0       0x28 /home/ryouya/STM32Toolchain/gcc-arm-none-eabi-5_4-2016q3.2/bin/../lib/gcc/arm-none-eabi/5.4.1/../../../../arm-none-eabi/lib/armv7e-m/fpu/libc_nano.a(lib_a-memmove.o)
 .debug_frame   0x00003118       0x38 /home/ryouya/STM32Toolchain/gcc-arm-none-eabi-5_4-2016q3.2/bin/../lib/gcc/arm-none-eabi/5.4.1/../../../../arm-none-eabi/lib/armv7e-m/fpu/libc_nano.a(lib_a-nano-freer.o)
 .debug_frame   0x00003150       0x2c /home/ryouya/STM32Toolchain/gcc-arm-none-eabi-5_4-2016q3.2/bin/../lib/gcc/arm-none-eabi/5.4.1/../../../../arm-none-eabi/lib/armv7e-m/fpu/libc_nano.a(lib_a-nano-mallocr.o)
 .debug_frame   0x0000317c       0x3c /home/ryouya/STM32Toolchain/gcc-arm-none-eabi-5_4-2016q3.2/bin/../lib/gcc/arm-none-eabi/5.4.1/../../../../arm-none-eabi/lib/armv7e-m/fpu/libc_nano.a(lib_a-nano-reallocr.o)
 .debug_frame   0x000031b8       0x2c /home/ryouya/STM32Toolchain/gcc-arm-none-eabi-5_4-2016q3.2/bin/../lib/gcc/arm-none-eabi/5.4.1/../../../../arm-none-eabi/lib/armv7e-m/fpu/libc_nano.a(lib_a-sbrkr.o)
 .debug_frame   0x000031e4       0x30 /home/ryouya/STM32Toolchain/gcc-arm-none-eabi-5_4-2016q3.2/bin/../lib/gcc/arm-none-eabi/5.4.1/../../../../arm-none-eabi/lib/armv7e-m/fpu/libc_nano.a(lib_a-mlock.o)
 .debug_frame   0x00003214       0x20 /home/ryouya/STM32Toolchain/gcc-arm-none-eabi-5_4-2016q3.2/bin/../lib/gcc/arm-none-eabi/5.4.1/../../../../arm-none-eabi/lib/armv7e-m/fpu/libc_nano.a(lib_a-nano-msizer.o)
 .debug_frame   0x00003234       0x5c /home/ryouya/STM32Toolchain/gcc-arm-none-eabi-5_4-2016q3.2/bin/../lib/gcc/arm-none-eabi/5.4.1/../../../../arm-none-eabi/lib/armv7e-m/fpu/libc_nano.a(lib_a-reent.o)
 .debug_frame   0x00003290       0x20 /home/ryouya/STM32Toolchain/gcc-arm-none-eabi-5_4-2016q3.2/bin/../lib/gcc/arm-none-eabi/5.4.1/../../../../arm-none-eabi/lib/armv7e-m/fpu/libnosys.a(sbrk.o)

Cross Reference Table

Symbol                                            File
ADC_IRQHandler                                    build/startup_stm32f401xe.o
AHBPrescTable                                     build/system_stm32f4xx.o
                                                  build/stm32f4xx_hal_rcc.o
APBPrescTable                                     build/system_stm32f4xx.o
                                                  build/stm32f4xx_hal_rcc.o
B3M_ControlFeedForward                            build/B3M.o
B3M_ControlLow_Read                               build/B3M.o
B3M_ControlLow_Write                              build/B3M.o
B3M_ControlPosition                               build/B3M.o
B3M_ControlTorque                                 build/B3M.o
B3M_ControlVelocity                               build/B3M.o
B3M_CurrentLimitPR_Read                           build/B3M.o
B3M_CurrentLimitPR_Write                          build/B3M.o
B3M_CurrentLimit_Read                             build/B3M.o
B3M_CurrentLimit_Write                            build/B3M.o
B3M_DeadBandWidth_Read                            build/B3M.o
B3M_DeadBandWidth_Write                           build/B3M.o
B3M_DynamicFriction0_Read                         build/B3M.o
B3M_DynamicFriction0_Write                        build/B3M.o
B3M_DynamicFriction1_Read                         build/B3M.o
B3M_DynamicFriction1_Write                        build/B3M.o
B3M_DynamicFriction2_Read                         build/B3M.o
B3M_DynamicFriction2_Write                        build/B3M.o
B3M_EncOffsetCenter_ReadOnly                      build/B3M.o
B3M_EncOffset_ReadOnly                            build/B3M.o
B3M_FWMajor_ReadOnly                              build/B3M.o
B3M_FWMinor_ReadOnly                              build/B3M.o
B3M_FWRevision_ReadOnly                           build/B3M.o
B3M_FWVersion_ReadOnly                            build/B3M.o
B3M_GainPresetNO_Read                             build/B3M.o
B3M_GainPresetNO_Write                            build/B3M.o
B3M_InputVoltageMax_Read                          build/B3M.o
B3M_InputVoltageMax_Write                         build/B3M.o
B3M_InputVoltageMin_Read                          build/B3M.o
B3M_InputVoltageMin_Write                         build/B3M.o
B3M_KD0_Read                                      build/B3M.o
B3M_KD0_Write                                     build/B3M.o
B3M_KD1_Read                                      build/B3M.o
B3M_KD1_Write                                     build/B3M.o
B3M_KD2_Read                                      build/B3M.o
B3M_KD2_Write                                     build/B3M.o
B3M_KI0_Read                                      build/B3M.o
B3M_KI0_Write                                     build/B3M.o
B3M_KI1_Read                                      build/B3M.o
B3M_KI1_Write                                     build/B3M.o
B3M_KI2_Read                                      build/B3M.o
B3M_KI2_Write                                     build/B3M.o
B3M_KP0_Read                                      build/B3M.o
B3M_KP0_Write                                     build/B3M.o
B3M_KP1_Read                                      build/B3M.o
B3M_KP1_Write                                     build/B3M.o
B3M_KP2_Read                                      build/B3M.o
B3M_KP2_Write                                     build/B3M.o
B3M_Load                                          build/B3M.o
B3M_LockDetectOutrate_Read                        build/B3M.o
B3M_LockDetectOutrate_Write                       build/B3M.o
B3M_LockDetectTimePR_Read                         build/B3M.o
B3M_LockDetectTimePR_Write                        build/B3M.o
B3M_LockDetectTime_Read                           build/B3M.o
B3M_LockDetectTime_Write                          build/B3M.o
B3M_MCUTempLimitPR_Read                           build/B3M.o
B3M_MCUTempLimitPR_Write                          build/B3M.o
B3M_MCUTempLimit_Read                             build/B3M.o
B3M_MCUTempLimit_Write                            build/B3M.o
B3M_ModelNumberCase_ReadOnly                      build/B3M.o
B3M_ModelNumberTorque_ReadOnly                    build/B3M.o
B3M_ModelNumberVersion_ReadOnly                   build/B3M.o
B3M_ModelNumberVoltageClass_ReadOnly              build/B3M.o
B3M_ModelNumber_ReadOnly                          build/B3M.o
B3M_ModelTypeDevice_ReadOnly                      build/B3M.o
B3M_ModelTypeMotor_ReadOnly                       build/B3M.o
B3M_ModelType_ReadOnly                            build/B3M.o
B3M_MotorCCWRatio_Read                            build/B3M.o
B3M_MotorCCWRatio_Write                           build/B3M.o
B3M_MotorCWRatio_Read                             build/B3M.o
B3M_MotorCWRatio_Write                            build/B3M.o
B3M_MotorTempLimitPR_Read                         build/B3M.o
B3M_MotorTempLimitPR_Write                        build/B3M.o
B3M_MotorTempLimit_Read                           build/B3M.o
B3M_MotorTempLimit_Write                          build/B3M.o
B3M_PositionCenter_Read                           build/B3M.o
B3M_PositionCenter_Write                          build/B3M.o
B3M_PositionMax_Read                              build/B3M.o
B3M_PositionMax_Write                             build/B3M.o
B3M_PositionMin_Read                              build/B3M.o
B3M_PositionMin_Write                             build/B3M.o
B3M_Read                                          build/B3M.o
B3M_Reset                                         build/B3M.o
B3M_RunFree                                       build/B3M.o
B3M_RunHold                                       build/B3M.o
B3M_RunNormal                                     build/B3M.o
                                                  build/main.o
B3M_Save                                          build/B3M.o
B3M_ServoClone                                    build/B3M.o
B3M_ServoNormal                                   build/B3M.o
B3M_ServoOption_Read                              build/B3M.o
B3M_ServoReverse                                  build/B3M.o
B3M_SetDesirePostion                              build/B3M.o
                                                  build/main.o
B3M_SetPosition                                   build/B3M.o
B3M_StaticFriction0_Read                          build/B3M.o
B3M_StaticFriction0_Write                         build/B3M.o
B3M_StaticFriction1_Read                          build/B3M.o
B3M_StaticFriction1_Write                         build/B3M.o
B3M_StaticFriction2_Read                          build/B3M.o
B3M_StaticFriction2_Write                         build/B3M.o
B3M_StatusBaseADDR_ReadOnly                       build/B3M.o
B3M_StatusCommand_ReadOnly                        build/B3M.o
B3M_StatusMotor_ReadOnly                          build/B3M.o
B3M_StatusSystem_ReadOnly                         build/B3M.o
B3M_StatusSytemError_ReadOnly                     build/B3M.o
B3M_StatusUart_ReadOnly                           build/B3M.o
B3M_SystemBaudrate_Read                           build/B3M.o
B3M_SystemBaudrate_Write                          build/B3M.o
B3M_SystemID_Read                                 build/B3M.o
B3M_SystemID_Write                                build/B3M.o
B3M_TorqueLimit_Read                              build/B3M.o
B3M_TorqueLimit_Write                             build/B3M.o
B3M_Type_ReadOnly                                 build/B3M.o
B3M_Write_1B                                      build/B3M.o
B3M_Write_2B                                      build/B3M.o
B3M_Write_4B                                      build/B3M.o
BusFault_Handler                                  build/startup_stm32f401xe.o
DMA1_Stream0_IRQHandler                           build/startup_stm32f401xe.o
DMA1_Stream1_IRQHandler                           build/startup_stm32f401xe.o
DMA1_Stream2_IRQHandler                           build/startup_stm32f401xe.o
DMA1_Stream3_IRQHandler                           build/startup_stm32f401xe.o
DMA1_Stream4_IRQHandler                           build/startup_stm32f401xe.o
DMA1_Stream5_IRQHandler                           build/startup_stm32f401xe.o
DMA1_Stream6_IRQHandler                           build/startup_stm32f401xe.o
DMA1_Stream7_IRQHandler                           build/startup_stm32f401xe.o
DMA2_Stream0_IRQHandler                           build/startup_stm32f401xe.o
DMA2_Stream1_IRQHandler                           build/startup_stm32f401xe.o
DMA2_Stream2_IRQHandler                           build/startup_stm32f401xe.o
DMA2_Stream3_IRQHandler                           build/startup_stm32f401xe.o
DMA2_Stream4_IRQHandler                           build/startup_stm32f401xe.o
DMA2_Stream5_IRQHandler                           build/startup_stm32f401xe.o
DMA2_Stream6_IRQHandler                           build/startup_stm32f401xe.o
DMA2_Stream7_IRQHandler                           build/startup_stm32f401xe.o
DebugMon_Handler                                  build/startup_stm32f401xe.o
Default_Handler                                   build/startup_stm32f401xe.o
EXTI0_IRQHandler                                  build/startup_stm32f401xe.o
EXTI15_10_IRQHandler                              build/startup_stm32f401xe.o
EXTI1_IRQHandler                                  build/startup_stm32f401xe.o
EXTI2_IRQHandler                                  build/startup_stm32f401xe.o
EXTI3_IRQHandler                                  build/startup_stm32f401xe.o
EXTI4_IRQHandler                                  build/startup_stm32f401xe.o
EXTI9_5_IRQHandler                                build/startup_stm32f401xe.o
FLASH_Erase_Sector                                build/stm32f4xx_hal_flash_ex.o
                                                  build/stm32f4xx_hal_flash.o
FLASH_FlushCaches                                 build/stm32f4xx_hal_flash_ex.o
                                                  build/stm32f4xx_hal_flash.o
FLASH_IRQHandler                                  build/startup_stm32f401xe.o
FLASH_WaitForLastOperation                        build/stm32f4xx_hal_flash.o
                                                  build/stm32f4xx_hal_flash_ex.o
FPU_IRQHandler                                    build/startup_stm32f401xe.o
HAL_DBGMCU_DisableDBGSleepMode                    build/stm32f4xx_hal.o
HAL_DBGMCU_DisableDBGStandbyMode                  build/stm32f4xx_hal.o
HAL_DBGMCU_DisableDBGStopMode                     build/stm32f4xx_hal.o
HAL_DBGMCU_EnableDBGSleepMode                     build/stm32f4xx_hal.o
HAL_DBGMCU_EnableDBGStandbyMode                   build/stm32f4xx_hal.o
HAL_DBGMCU_EnableDBGStopMode                      build/stm32f4xx_hal.o
HAL_DMAEx_ChangeMemory                            build/stm32f4xx_hal_dma_ex.o
HAL_DMAEx_MultiBufferStart                        build/stm32f4xx_hal_dma_ex.o
HAL_DMAEx_MultiBufferStart_IT                     build/stm32f4xx_hal_dma_ex.o
HAL_DMA_Abort                                     build/stm32f4xx_hal_dma.o
                                                  build/stm32f4xx_hal_uart.o
HAL_DMA_Abort_IT                                  build/stm32f4xx_hal_dma.o
                                                  build/stm32f4xx_hal_uart.o
                                                  build/stm32f4xx_hal_i2c.o
HAL_DMA_DeInit                                    build/stm32f4xx_hal_dma.o
HAL_DMA_GetError                                  build/stm32f4xx_hal_dma.o
                                                  build/stm32f4xx_hal_i2c.o
HAL_DMA_GetState                                  build/stm32f4xx_hal_dma.o
HAL_DMA_IRQHandler                                build/stm32f4xx_hal_dma.o
HAL_DMA_Init                                      build/stm32f4xx_hal_dma.o
HAL_DMA_PollForTransfer                           build/stm32f4xx_hal_dma.o
HAL_DMA_RegisterCallback                          build/stm32f4xx_hal_dma.o
HAL_DMA_Start                                     build/stm32f4xx_hal_dma.o
HAL_DMA_Start_IT                                  build/stm32f4xx_hal_dma.o
                                                  build/stm32f4xx_hal_uart.o
                                                  build/stm32f4xx_hal_i2c.o
HAL_DMA_UnRegisterCallback                        build/stm32f4xx_hal_dma.o
HAL_DeInit                                        build/stm32f4xx_hal.o
HAL_Delay                                         build/stm32f4xx_hal.o
                                                  build/B3M.o
                                                  build/main.o
HAL_DisableCompensationCell                       build/stm32f4xx_hal.o
HAL_EnableCompensationCell                        build/stm32f4xx_hal.o
HAL_FLASHEx_AdvOBGetConfig                        build/stm32f4xx_hal_flash_ex.o
HAL_FLASHEx_AdvOBProgram                          build/stm32f4xx_hal_flash_ex.o
HAL_FLASHEx_Erase                                 build/stm32f4xx_hal_flash_ex.o
HAL_FLASHEx_Erase_IT                              build/stm32f4xx_hal_flash_ex.o
HAL_FLASHEx_OBGetConfig                           build/stm32f4xx_hal_flash_ex.o
HAL_FLASHEx_OBProgram                             build/stm32f4xx_hal_flash_ex.o
HAL_FLASHEx_OB_DeSelectPCROP                      build/stm32f4xx_hal_flash_ex.o
HAL_FLASHEx_OB_SelectPCROP                        build/stm32f4xx_hal_flash_ex.o
HAL_FLASH_EndOfOperationCallback                  build/stm32f4xx_hal_flash.o
HAL_FLASH_GetError                                build/stm32f4xx_hal_flash.o
HAL_FLASH_IRQHandler                              build/stm32f4xx_hal_flash.o
HAL_FLASH_Lock                                    build/stm32f4xx_hal_flash.o
HAL_FLASH_OB_Launch                               build/stm32f4xx_hal_flash.o
HAL_FLASH_OB_Lock                                 build/stm32f4xx_hal_flash.o
HAL_FLASH_OB_Unlock                               build/stm32f4xx_hal_flash.o
HAL_FLASH_OperationErrorCallback                  build/stm32f4xx_hal_flash.o
HAL_FLASH_Program                                 build/stm32f4xx_hal_flash.o
HAL_FLASH_Program_IT                              build/stm32f4xx_hal_flash.o
HAL_FLASH_Unlock                                  build/stm32f4xx_hal_flash.o
HAL_GPIO_DeInit                                   build/stm32f4xx_hal_gpio.o
                                                  build/stm32f4xx_hal_msp.o
HAL_GPIO_EXTI_Callback                            build/stm32f4xx_hal_gpio.o
HAL_GPIO_EXTI_IRQHandler                          build/stm32f4xx_hal_gpio.o
HAL_GPIO_Init                                     build/stm32f4xx_hal_gpio.o
                                                  build/stm32f4xx_hal_rcc.o
                                                  build/stm32f4xx_hal_msp.o
                                                  build/main.o
HAL_GPIO_LockPin                                  build/stm32f4xx_hal_gpio.o
HAL_GPIO_ReadPin                                  build/stm32f4xx_hal_gpio.o
                                                  build/main.o
HAL_GPIO_TogglePin                                build/stm32f4xx_hal_gpio.o
HAL_GPIO_WritePin                                 build/stm32f4xx_hal_gpio.o
                                                  build/main.o
HAL_GetDEVID                                      build/stm32f4xx_hal.o
HAL_GetHalVersion                                 build/stm32f4xx_hal.o
HAL_GetREVID                                      build/stm32f4xx_hal.o
HAL_GetTick                                       build/stm32f4xx_hal.o
                                                  build/stm32f4xx_hal_rcc.o
                                                  build/stm32f4xx_hal_rcc_ex.o
                                                  build/stm32f4xx_hal_flash.o
                                                  build/stm32f4xx_hal_uart.o
                                                  build/stm32f4xx_hal_dma.o
                                                  build/stm32f4xx_hal_i2c.o
                                                  build/stm32f4xx_hal_pwr_ex.o
HAL_GetUID                                        build/stm32f4xx_hal.o
HAL_HalfDuplex_EnableReceiver                     build/stm32f4xx_hal_uart.o
HAL_HalfDuplex_EnableTransmitter                  build/stm32f4xx_hal_uart.o
HAL_HalfDuplex_Init                               build/stm32f4xx_hal_uart.o
HAL_I2CEx_ConfigAnalogFilter                      build/stm32f4xx_hal_i2c_ex.o
                                                  build/main.o
HAL_I2CEx_ConfigDigitalFilter                     build/stm32f4xx_hal_i2c_ex.o
HAL_I2C_AbortCpltCallback                         build/stm32f4xx_hal_i2c.o
HAL_I2C_AddrCallback                              build/stm32f4xx_hal_i2c.o
HAL_I2C_DeInit                                    build/stm32f4xx_hal_i2c.o
HAL_I2C_DisableListen_IT                          build/stm32f4xx_hal_i2c.o
HAL_I2C_ER_IRQHandler                             build/stm32f4xx_hal_i2c.o
HAL_I2C_EV_IRQHandler                             build/stm32f4xx_hal_i2c.o
HAL_I2C_EnableListen_IT                           build/stm32f4xx_hal_i2c.o
HAL_I2C_ErrorCallback                             build/stm32f4xx_hal_i2c.o
HAL_I2C_GetError                                  build/stm32f4xx_hal_i2c.o
HAL_I2C_GetMode                                   build/stm32f4xx_hal_i2c.o
HAL_I2C_GetState                                  build/stm32f4xx_hal_i2c.o
HAL_I2C_Init                                      build/stm32f4xx_hal_i2c.o
                                                  build/main.o
HAL_I2C_IsDeviceReady                             build/stm32f4xx_hal_i2c.o
                                                  build/sd_hal_mpu6050.o
HAL_I2C_ListenCpltCallback                        build/stm32f4xx_hal_i2c.o
HAL_I2C_MasterRxCpltCallback                      build/stm32f4xx_hal_i2c.o
HAL_I2C_MasterTxCpltCallback                      build/stm32f4xx_hal_i2c.o
HAL_I2C_Master_Abort_IT                           build/stm32f4xx_hal_i2c.o
HAL_I2C_Master_Receive                            build/stm32f4xx_hal_i2c.o
                                                  build/sd_hal_mpu6050.o
HAL_I2C_Master_Receive_DMA                        build/stm32f4xx_hal_i2c.o
HAL_I2C_Master_Receive_IT                         build/stm32f4xx_hal_i2c.o
HAL_I2C_Master_Sequential_Receive_IT              build/stm32f4xx_hal_i2c.o
HAL_I2C_Master_Sequential_Transmit_IT             build/stm32f4xx_hal_i2c.o
HAL_I2C_Master_Transmit                           build/stm32f4xx_hal_i2c.o
                                                  build/sd_hal_mpu6050.o
HAL_I2C_Master_Transmit_DMA                       build/stm32f4xx_hal_i2c.o
HAL_I2C_Master_Transmit_IT                        build/stm32f4xx_hal_i2c.o
HAL_I2C_MemRxCpltCallback                         build/stm32f4xx_hal_i2c.o
HAL_I2C_MemTxCpltCallback                         build/stm32f4xx_hal_i2c.o
HAL_I2C_Mem_Read                                  build/stm32f4xx_hal_i2c.o
HAL_I2C_Mem_Read_DMA                              build/stm32f4xx_hal_i2c.o
HAL_I2C_Mem_Read_IT                               build/stm32f4xx_hal_i2c.o
HAL_I2C_Mem_Write                                 build/stm32f4xx_hal_i2c.o
HAL_I2C_Mem_Write_DMA                             build/stm32f4xx_hal_i2c.o
HAL_I2C_Mem_Write_IT                              build/stm32f4xx_hal_i2c.o
HAL_I2C_MspDeInit                                 build/stm32f4xx_hal_msp.o
HAL_I2C_MspInit                                   build/stm32f4xx_hal_msp.o
HAL_I2C_SlaveRxCpltCallback                       build/stm32f4xx_hal_i2c.o
HAL_I2C_SlaveTxCpltCallback                       build/stm32f4xx_hal_i2c.o
HAL_I2C_Slave_Receive                             build/stm32f4xx_hal_i2c.o
HAL_I2C_Slave_Receive_DMA                         build/stm32f4xx_hal_i2c.o
HAL_I2C_Slave_Receive_IT                          build/stm32f4xx_hal_i2c.o
HAL_I2C_Slave_Sequential_Receive_IT               build/stm32f4xx_hal_i2c.o
HAL_I2C_Slave_Sequential_Transmit_IT              build/stm32f4xx_hal_i2c.o
HAL_I2C_Slave_Transmit                            build/stm32f4xx_hal_i2c.o
HAL_I2C_Slave_Transmit_DMA                        build/stm32f4xx_hal_i2c.o
HAL_I2C_Slave_Transmit_IT                         build/stm32f4xx_hal_i2c.o
HAL_IncTick                                       build/stm32f4xx_hal.o
                                                  build/stm32f4xx_it.o
HAL_Init                                          build/stm32f4xx_hal.o
                                                  build/main.o
HAL_InitTick                                      build/stm32f4xx_hal.o
                                                  build/stm32f4xx_hal_rcc.o
HAL_LIN_Init                                      build/stm32f4xx_hal_uart.o
HAL_LIN_SendBreak                                 build/stm32f4xx_hal_uart.o
HAL_MPU_ConfigRegion                              build/stm32f4xx_hal_cortex.o
HAL_MPU_Disable                                   build/stm32f4xx_hal_cortex.o
HAL_MPU_Enable                                    build/stm32f4xx_hal_cortex.o
HAL_MspDeInit                                     build/stm32f4xx_hal.o
HAL_MspInit                                       build/stm32f4xx_hal_msp.o
HAL_MultiProcessor_EnterMuteMode                  build/stm32f4xx_hal_uart.o
HAL_MultiProcessor_ExitMuteMode                   build/stm32f4xx_hal_uart.o
HAL_MultiProcessor_Init                           build/stm32f4xx_hal_uart.o
HAL_NVIC_ClearPendingIRQ                          build/stm32f4xx_hal_cortex.o
HAL_NVIC_DisableIRQ                               build/stm32f4xx_hal_cortex.o
HAL_NVIC_EnableIRQ                                build/stm32f4xx_hal_cortex.o
HAL_NVIC_GetActive                                build/stm32f4xx_hal_cortex.o
HAL_NVIC_GetPendingIRQ                            build/stm32f4xx_hal_cortex.o
HAL_NVIC_GetPriority                              build/stm32f4xx_hal_cortex.o
HAL_NVIC_GetPriorityGrouping                      build/stm32f4xx_hal_cortex.o
HAL_NVIC_SetPendingIRQ                            build/stm32f4xx_hal_cortex.o
HAL_NVIC_SetPriority                              build/stm32f4xx_hal_cortex.o
                                                  build/stm32f4xx_hal.o
                                                  build/stm32f4xx_hal_msp.o
                                                  build/main.o
HAL_NVIC_SetPriorityGrouping                      build/stm32f4xx_hal_cortex.o
                                                  build/stm32f4xx_hal.o
                                                  build/stm32f4xx_hal_msp.o
HAL_NVIC_SystemReset                              build/stm32f4xx_hal_cortex.o
HAL_PWREx_ControlVoltageScaling                   build/stm32f4xx_hal_pwr_ex.o
HAL_PWREx_DisableBkUpReg                          build/stm32f4xx_hal_pwr_ex.o
HAL_PWREx_DisableFlashPowerDown                   build/stm32f4xx_hal_pwr_ex.o
HAL_PWREx_DisableLowRegulatorLowVoltage           build/stm32f4xx_hal_pwr_ex.o
HAL_PWREx_DisableMainRegulatorLowVoltage          build/stm32f4xx_hal_pwr_ex.o
HAL_PWREx_EnableBkUpReg                           build/stm32f4xx_hal_pwr_ex.o
HAL_PWREx_EnableFlashPowerDown                    build/stm32f4xx_hal_pwr_ex.o
HAL_PWREx_EnableLowRegulatorLowVoltage            build/stm32f4xx_hal_pwr_ex.o
HAL_PWREx_EnableMainRegulatorLowVoltage           build/stm32f4xx_hal_pwr_ex.o
HAL_PWREx_GetVoltageRange                         build/stm32f4xx_hal_pwr_ex.o
HAL_PWR_ConfigPVD                                 build/stm32f4xx_hal_pwr.o
HAL_PWR_DeInit                                    build/stm32f4xx_hal_pwr.o
HAL_PWR_DisableBkUpAccess                         build/stm32f4xx_hal_pwr.o
HAL_PWR_DisablePVD                                build/stm32f4xx_hal_pwr.o
HAL_PWR_DisableSEVOnPend                          build/stm32f4xx_hal_pwr.o
HAL_PWR_DisableSleepOnExit                        build/stm32f4xx_hal_pwr.o
HAL_PWR_DisableWakeUpPin                          build/stm32f4xx_hal_pwr.o
HAL_PWR_EnableBkUpAccess                          build/stm32f4xx_hal_pwr.o
HAL_PWR_EnablePVD                                 build/stm32f4xx_hal_pwr.o
HAL_PWR_EnableSEVOnPend                           build/stm32f4xx_hal_pwr.o
HAL_PWR_EnableSleepOnExit                         build/stm32f4xx_hal_pwr.o
HAL_PWR_EnableWakeUpPin                           build/stm32f4xx_hal_pwr.o
HAL_PWR_EnterSLEEPMode                            build/stm32f4xx_hal_pwr.o
HAL_PWR_EnterSTANDBYMode                          build/stm32f4xx_hal_pwr.o
HAL_PWR_EnterSTOPMode                             build/stm32f4xx_hal_pwr.o
HAL_PWR_PVDCallback                               build/stm32f4xx_hal_pwr.o
HAL_PWR_PVD_IRQHandler                            build/stm32f4xx_hal_pwr.o
HAL_RCCEx_GetPeriphCLKConfig                      build/stm32f4xx_hal_rcc_ex.o
HAL_RCCEx_GetPeriphCLKFreq                        build/stm32f4xx_hal_rcc_ex.o
HAL_RCCEx_PeriphCLKConfig                         build/stm32f4xx_hal_rcc_ex.o
HAL_RCC_CSSCallback                               build/stm32f4xx_hal_rcc.o
HAL_RCC_ClockConfig                               build/stm32f4xx_hal_rcc.o
                                                  build/main.o
HAL_RCC_DeInit                                    build/stm32f4xx_hal_rcc_ex.o
HAL_RCC_DisableCSS                                build/stm32f4xx_hal_rcc.o
HAL_RCC_EnableCSS                                 build/stm32f4xx_hal_rcc.o
HAL_RCC_GetClockConfig                            build/stm32f4xx_hal_rcc.o
HAL_RCC_GetHCLKFreq                               build/stm32f4xx_hal_rcc.o
                                                  build/main.o
HAL_RCC_GetOscConfig                              build/stm32f4xx_hal_rcc.o
HAL_RCC_GetPCLK1Freq                              build/stm32f4xx_hal_rcc.o
                                                  build/stm32f4xx_hal_uart.o
                                                  build/stm32f4xx_hal_i2c.o
HAL_RCC_GetPCLK2Freq                              build/stm32f4xx_hal_rcc.o
                                                  build/stm32f4xx_hal_uart.o
HAL_RCC_GetSysClockFreq                           build/stm32f4xx_hal_rcc.o
HAL_RCC_MCOConfig                                 build/stm32f4xx_hal_rcc.o
HAL_RCC_NMI_IRQHandler                            build/stm32f4xx_hal_rcc.o
HAL_RCC_OscConfig                                 build/stm32f4xx_hal_rcc.o
                                                  build/main.o
HAL_ResumeTick                                    build/stm32f4xx_hal.o
HAL_SYSTICK_CLKSourceConfig                       build/stm32f4xx_hal_cortex.o
                                                  build/main.o
HAL_SYSTICK_Callback                              build/stm32f4xx_hal_cortex.o
HAL_SYSTICK_Config                                build/stm32f4xx_hal_cortex.o
                                                  build/stm32f4xx_hal.o
                                                  build/main.o
HAL_SYSTICK_IRQHandler                            build/stm32f4xx_hal_cortex.o
                                                  build/stm32f4xx_it.o
HAL_SuspendTick                                   build/stm32f4xx_hal.o
HAL_UART_Abort                                    build/stm32f4xx_hal_uart.o
HAL_UART_AbortCpltCallback                        build/stm32f4xx_hal_uart.o
HAL_UART_AbortReceive                             build/stm32f4xx_hal_uart.o
HAL_UART_AbortReceiveCpltCallback                 build/stm32f4xx_hal_uart.o
HAL_UART_AbortReceive_IT                          build/stm32f4xx_hal_uart.o
HAL_UART_AbortTransmit                            build/stm32f4xx_hal_uart.o
HAL_UART_AbortTransmitCpltCallback                build/stm32f4xx_hal_uart.o
HAL_UART_AbortTransmit_IT                         build/stm32f4xx_hal_uart.o
HAL_UART_Abort_IT                                 build/stm32f4xx_hal_uart.o
HAL_UART_DMAPause                                 build/stm32f4xx_hal_uart.o
HAL_UART_DMAResume                                build/stm32f4xx_hal_uart.o
HAL_UART_DMAStop                                  build/stm32f4xx_hal_uart.o
HAL_UART_DeInit                                   build/stm32f4xx_hal_uart.o
HAL_UART_ErrorCallback                            build/stm32f4xx_hal_uart.o
HAL_UART_GetError                                 build/stm32f4xx_hal_uart.o
HAL_UART_GetState                                 build/stm32f4xx_hal_uart.o
HAL_UART_IRQHandler                               build/stm32f4xx_hal_uart.o
HAL_UART_Init                                     build/stm32f4xx_hal_uart.o
                                                  build/main.o
HAL_UART_MspDeInit                                build/stm32f4xx_hal_msp.o
HAL_UART_MspInit                                  build/stm32f4xx_hal_msp.o
HAL_UART_Receive                                  build/stm32f4xx_hal_uart.o
                                                  build/main.o
HAL_UART_Receive_DMA                              build/stm32f4xx_hal_uart.o
HAL_UART_Receive_IT                               build/stm32f4xx_hal_uart.o
HAL_UART_RxCpltCallback                           build/stm32f4xx_hal_uart.o
HAL_UART_RxHalfCpltCallback                       build/stm32f4xx_hal_uart.o
HAL_UART_Transmit                                 build/stm32f4xx_hal_uart.o
                                                  build/B3M.o
                                                  build/main.o
HAL_UART_Transmit_DMA                             build/stm32f4xx_hal_uart.o
HAL_UART_Transmit_IT                              build/stm32f4xx_hal_uart.o
HAL_UART_TxCpltCallback                           build/stm32f4xx_hal_uart.o
HAL_UART_TxHalfCpltCallback                       build/stm32f4xx_hal_uart.o
HAl_Delay                                         build/main.o
HardFault_Handler                                 build/startup_stm32f401xe.o
I2C1_ER_IRQHandler                                build/startup_stm32f401xe.o
I2C1_EV_IRQHandler                                build/startup_stm32f401xe.o
I2C2_ER_IRQHandler                                build/startup_stm32f401xe.o
I2C2_EV_IRQHandler                                build/startup_stm32f401xe.o
I2C3_ER_IRQHandler                                build/startup_stm32f401xe.o
I2C3_EV_IRQHandler                                build/startup_stm32f401xe.o
MemManage_Handler                                 build/startup_stm32f401xe.o
NMI_Handler                                       build/startup_stm32f401xe.o
OTG_FS_IRQHandler                                 build/startup_stm32f401xe.o
OTG_FS_WKUP_IRQHandler                            build/startup_stm32f401xe.o
PVD_IRQHandler                                    build/startup_stm32f401xe.o
PendSV_Handler                                    build/startup_stm32f401xe.o
RCC_IRQHandler                                    build/startup_stm32f401xe.o
RTC_Alarm_IRQHandler                              build/startup_stm32f401xe.o
RTC_WKUP_IRQHandler                               build/startup_stm32f401xe.o
Reset_Handler                                     build/startup_stm32f401xe.o
SDIO_IRQHandler                                   build/startup_stm32f401xe.o
SD_MPU6050_DisableInterrupts                      build/sd_hal_mpu6050.o
SD_MPU6050_EnableInterrupts                       build/sd_hal_mpu6050.o
SD_MPU6050_Init                                   build/sd_hal_mpu6050.o
                                                  build/main.o
SD_MPU6050_ReadAccelerometer                      build/sd_hal_mpu6050.o
                                                  build/main.o
SD_MPU6050_ReadAll                                build/sd_hal_mpu6050.o
SD_MPU6050_ReadGyroscope                          build/sd_hal_mpu6050.o
                                                  build/main.o
SD_MPU6050_ReadInterrupts                         build/sd_hal_mpu6050.o
SD_MPU6050_ReadTemperature                        build/sd_hal_mpu6050.o
SD_MPU6050_SetAccelerometer                       build/sd_hal_mpu6050.o
SD_MPU6050_SetDataRate                            build/sd_hal_mpu6050.o
SD_MPU6050_SetGyroscope                           build/sd_hal_mpu6050.o
SPI1_IRQHandler                                   build/startup_stm32f401xe.o
SPI2_IRQHandler                                   build/startup_stm32f401xe.o
SPI3_IRQHandler                                   build/startup_stm32f401xe.o
SPI4_IRQHandler                                   build/startup_stm32f401xe.o
SVC_Handler                                       build/startup_stm32f401xe.o
SysTick_Handler                                   build/stm32f4xx_it.o
SystemClock_Config                                build/main.o
SystemCoreClock                                   build/system_stm32f4xx.o
                                                  build/stm32f4xx_hal_rcc.o
                                                  build/stm32f4xx_hal_rcc_ex.o
                                                  build/stm32f4xx_hal_dma.o
                                                  build/stm32f4xx_hal_i2c.o
                                                  build/stm32f4xx_hal.o
SystemCoreClockUpdate                             build/system_stm32f4xx.o
SystemInit                                        build/system_stm32f4xx.o
                                                  build/startup_stm32f401xe.o
TAMP_STAMP_IRQHandler                             build/startup_stm32f401xe.o
TIM1_BRK_TIM9_IRQHandler                          build/startup_stm32f401xe.o
TIM1_CC_IRQHandler                                build/startup_stm32f401xe.o
TIM1_TRG_COM_TIM11_IRQHandler                     build/startup_stm32f401xe.o
TIM1_UP_TIM10_IRQHandler                          build/startup_stm32f401xe.o
TIM2_IRQHandler                                   build/startup_stm32f401xe.o
TIM3_IRQHandler                                   build/startup_stm32f401xe.o
TIM4_IRQHandler                                   build/startup_stm32f401xe.o
TIM5_IRQHandler                                   build/startup_stm32f401xe.o
USART1_IRQHandler                                 build/startup_stm32f401xe.o
USART2_IRQHandler                                 build/startup_stm32f401xe.o
USART6_IRQHandler                                 build/startup_stm32f401xe.o
UsageFault_Handler                                build/startup_stm32f401xe.o
WWDG_IRQHandler                                   build/startup_stm32f401xe.o
_Error_Handler                                    build/main.o
_Jv_RegisterClasses                               /home/ryouya/STM32Toolchain/gcc-arm-none-eabi-5_4-2016q3.2/bin/../lib/gcc/arm-none-eabi/5.4.1/armv7e-m/fpu/crtbegin.o
__adddf3                                          /home/ryouya/STM32Toolchain/gcc-arm-none-eabi-5_4-2016q3.2/bin/../lib/gcc/arm-none-eabi/5.4.1/armv7e-m/fpu/libgcc.a(_arm_addsubdf3.o)
__aeabi_d2iz                                      /home/ryouya/STM32Toolchain/gcc-arm-none-eabi-5_4-2016q3.2/bin/../lib/gcc/arm-none-eabi/5.4.1/armv7e-m/fpu/libgcc.a(_arm_fixdfsi.o)
                                                  build/main.o
__aeabi_dadd                                      /home/ryouya/STM32Toolchain/gcc-arm-none-eabi-5_4-2016q3.2/bin/../lib/gcc/arm-none-eabi/5.4.1/armv7e-m/fpu/libgcc.a(_arm_addsubdf3.o)
                                                  build/main.o
__aeabi_ddiv                                      /home/ryouya/STM32Toolchain/gcc-arm-none-eabi-5_4-2016q3.2/bin/../lib/gcc/arm-none-eabi/5.4.1/armv7e-m/fpu/libgcc.a(_arm_muldivdf3.o)
__aeabi_dmul                                      /home/ryouya/STM32Toolchain/gcc-arm-none-eabi-5_4-2016q3.2/bin/../lib/gcc/arm-none-eabi/5.4.1/armv7e-m/fpu/libgcc.a(_arm_muldivdf3.o)
                                                  build/main.o
__aeabi_drsub                                     /home/ryouya/STM32Toolchain/gcc-arm-none-eabi-5_4-2016q3.2/bin/../lib/gcc/arm-none-eabi/5.4.1/armv7e-m/fpu/libgcc.a(_arm_addsubdf3.o)
__aeabi_dsub                                      /home/ryouya/STM32Toolchain/gcc-arm-none-eabi-5_4-2016q3.2/bin/../lib/gcc/arm-none-eabi/5.4.1/armv7e-m/fpu/libgcc.a(_arm_addsubdf3.o)
__aeabi_f2d                                       /home/ryouya/STM32Toolchain/gcc-arm-none-eabi-5_4-2016q3.2/bin/../lib/gcc/arm-none-eabi/5.4.1/armv7e-m/fpu/libgcc.a(_arm_addsubdf3.o)
__aeabi_i2d                                       /home/ryouya/STM32Toolchain/gcc-arm-none-eabi-5_4-2016q3.2/bin/../lib/gcc/arm-none-eabi/5.4.1/armv7e-m/fpu/libgcc.a(_arm_addsubdf3.o)
                                                  build/main.o
__aeabi_l2d                                       /home/ryouya/STM32Toolchain/gcc-arm-none-eabi-5_4-2016q3.2/bin/../lib/gcc/arm-none-eabi/5.4.1/armv7e-m/fpu/libgcc.a(_arm_addsubdf3.o)
__aeabi_ui2d                                      /home/ryouya/STM32Toolchain/gcc-arm-none-eabi-5_4-2016q3.2/bin/../lib/gcc/arm-none-eabi/5.4.1/armv7e-m/fpu/libgcc.a(_arm_addsubdf3.o)
__aeabi_ul2d                                      /home/ryouya/STM32Toolchain/gcc-arm-none-eabi-5_4-2016q3.2/bin/../lib/gcc/arm-none-eabi/5.4.1/armv7e-m/fpu/libgcc.a(_arm_addsubdf3.o)
__bss_end__                                       /home/ryouya/STM32Toolchain/gcc-arm-none-eabi-5_4-2016q3.2/bin/../lib/gcc/arm-none-eabi/5.4.1/../../../../arm-none-eabi/lib/armv7e-m/fpu/crt0.o
__bss_start__                                     /home/ryouya/STM32Toolchain/gcc-arm-none-eabi-5_4-2016q3.2/bin/../lib/gcc/arm-none-eabi/5.4.1/../../../../arm-none-eabi/lib/armv7e-m/fpu/crt0.o
__call_exitprocs                                  /home/ryouya/STM32Toolchain/gcc-arm-none-eabi-5_4-2016q3.2/bin/../lib/gcc/arm-none-eabi/5.4.1/../../../../arm-none-eabi/lib/armv7e-m/fpu/libc_nano.a(lib_a-exit.o)
__deregister_frame_info                           /home/ryouya/STM32Toolchain/gcc-arm-none-eabi-5_4-2016q3.2/bin/../lib/gcc/arm-none-eabi/5.4.1/armv7e-m/fpu/crtbegin.o
__divdf3                                          /home/ryouya/STM32Toolchain/gcc-arm-none-eabi-5_4-2016q3.2/bin/../lib/gcc/arm-none-eabi/5.4.1/armv7e-m/fpu/libgcc.a(_arm_muldivdf3.o)
__dso_handle                                      /home/ryouya/STM32Toolchain/gcc-arm-none-eabi-5_4-2016q3.2/bin/../lib/gcc/arm-none-eabi/5.4.1/armv7e-m/fpu/crtbegin.o
__extendsfdf2                                     /home/ryouya/STM32Toolchain/gcc-arm-none-eabi-5_4-2016q3.2/bin/../lib/gcc/arm-none-eabi/5.4.1/armv7e-m/fpu/libgcc.a(_arm_addsubdf3.o)
__fixdfsi                                         /home/ryouya/STM32Toolchain/gcc-arm-none-eabi-5_4-2016q3.2/bin/../lib/gcc/arm-none-eabi/5.4.1/armv7e-m/fpu/libgcc.a(_arm_fixdfsi.o)
__floatdidf                                       /home/ryouya/STM32Toolchain/gcc-arm-none-eabi-5_4-2016q3.2/bin/../lib/gcc/arm-none-eabi/5.4.1/armv7e-m/fpu/libgcc.a(_arm_addsubdf3.o)
__floatsidf                                       /home/ryouya/STM32Toolchain/gcc-arm-none-eabi-5_4-2016q3.2/bin/../lib/gcc/arm-none-eabi/5.4.1/armv7e-m/fpu/libgcc.a(_arm_addsubdf3.o)
__floatundidf                                     /home/ryouya/STM32Toolchain/gcc-arm-none-eabi-5_4-2016q3.2/bin/../lib/gcc/arm-none-eabi/5.4.1/armv7e-m/fpu/libgcc.a(_arm_addsubdf3.o)
__floatunsidf                                     /home/ryouya/STM32Toolchain/gcc-arm-none-eabi-5_4-2016q3.2/bin/../lib/gcc/arm-none-eabi/5.4.1/armv7e-m/fpu/libgcc.a(_arm_addsubdf3.o)
__init_array_end                                  /home/ryouya/STM32Toolchain/gcc-arm-none-eabi-5_4-2016q3.2/bin/../lib/gcc/arm-none-eabi/5.4.1/../../../../arm-none-eabi/lib/armv7e-m/fpu/libc_nano.a(lib_a-init.o)
__init_array_start                                /home/ryouya/STM32Toolchain/gcc-arm-none-eabi-5_4-2016q3.2/bin/../lib/gcc/arm-none-eabi/5.4.1/../../../../arm-none-eabi/lib/armv7e-m/fpu/libc_nano.a(lib_a-init.o)
__libc_fini_array                                 /home/ryouya/STM32Toolchain/gcc-arm-none-eabi-5_4-2016q3.2/bin/../lib/gcc/arm-none-eabi/5.4.1/../../../../arm-none-eabi/lib/armv7e-m/fpu/crt0.o
__libc_init_array                                 /home/ryouya/STM32Toolchain/gcc-arm-none-eabi-5_4-2016q3.2/bin/../lib/gcc/arm-none-eabi/5.4.1/../../../../arm-none-eabi/lib/armv7e-m/fpu/libc_nano.a(lib_a-init.o)
                                                  build/startup_stm32f401xe.o
                                                  /home/ryouya/STM32Toolchain/gcc-arm-none-eabi-5_4-2016q3.2/bin/../lib/gcc/arm-none-eabi/5.4.1/../../../../arm-none-eabi/lib/armv7e-m/fpu/crt0.o
__malloc_free_list                                /home/ryouya/STM32Toolchain/gcc-arm-none-eabi-5_4-2016q3.2/bin/../lib/gcc/arm-none-eabi/5.4.1/../../../../arm-none-eabi/lib/armv7e-m/fpu/libc_nano.a(lib_a-nano-mallocr.o)
                                                  /home/ryouya/STM32Toolchain/gcc-arm-none-eabi-5_4-2016q3.2/bin/../lib/gcc/arm-none-eabi/5.4.1/../../../../arm-none-eabi/lib/armv7e-m/fpu/libc_nano.a(lib_a-nano-freer.o)
__malloc_lock                                     /home/ryouya/STM32Toolchain/gcc-arm-none-eabi-5_4-2016q3.2/bin/../lib/gcc/arm-none-eabi/5.4.1/../../../../arm-none-eabi/lib/armv7e-m/fpu/libc_nano.a(lib_a-mlock.o)
                                                  /home/ryouya/STM32Toolchain/gcc-arm-none-eabi-5_4-2016q3.2/bin/../lib/gcc/arm-none-eabi/5.4.1/../../../../arm-none-eabi/lib/armv7e-m/fpu/libc_nano.a(lib_a-nano-mallocr.o)
                                                  /home/ryouya/STM32Toolchain/gcc-arm-none-eabi-5_4-2016q3.2/bin/../lib/gcc/arm-none-eabi/5.4.1/../../../../arm-none-eabi/lib/armv7e-m/fpu/libc_nano.a(lib_a-nano-freer.o)
__malloc_sbrk_start                               /home/ryouya/STM32Toolchain/gcc-arm-none-eabi-5_4-2016q3.2/bin/../lib/gcc/arm-none-eabi/5.4.1/../../../../arm-none-eabi/lib/armv7e-m/fpu/libc_nano.a(lib_a-nano-mallocr.o)
__malloc_unlock                                   /home/ryouya/STM32Toolchain/gcc-arm-none-eabi-5_4-2016q3.2/bin/../lib/gcc/arm-none-eabi/5.4.1/../../../../arm-none-eabi/lib/armv7e-m/fpu/libc_nano.a(lib_a-mlock.o)
                                                  /home/ryouya/STM32Toolchain/gcc-arm-none-eabi-5_4-2016q3.2/bin/../lib/gcc/arm-none-eabi/5.4.1/../../../../arm-none-eabi/lib/armv7e-m/fpu/libc_nano.a(lib_a-nano-mallocr.o)
                                                  /home/ryouya/STM32Toolchain/gcc-arm-none-eabi-5_4-2016q3.2/bin/../lib/gcc/arm-none-eabi/5.4.1/../../../../arm-none-eabi/lib/armv7e-m/fpu/libc_nano.a(lib_a-nano-freer.o)
__muldf3                                          /home/ryouya/STM32Toolchain/gcc-arm-none-eabi-5_4-2016q3.2/bin/../lib/gcc/arm-none-eabi/5.4.1/armv7e-m/fpu/libgcc.a(_arm_muldivdf3.o)
__preinit_array_end                               /home/ryouya/STM32Toolchain/gcc-arm-none-eabi-5_4-2016q3.2/bin/../lib/gcc/arm-none-eabi/5.4.1/../../../../arm-none-eabi/lib/armv7e-m/fpu/libc_nano.a(lib_a-init.o)
__preinit_array_start                             /home/ryouya/STM32Toolchain/gcc-arm-none-eabi-5_4-2016q3.2/bin/../lib/gcc/arm-none-eabi/5.4.1/../../../../arm-none-eabi/lib/armv7e-m/fpu/libc_nano.a(lib_a-init.o)
__register_frame_info                             /home/ryouya/STM32Toolchain/gcc-arm-none-eabi-5_4-2016q3.2/bin/../lib/gcc/arm-none-eabi/5.4.1/armv7e-m/fpu/crtbegin.o
__sf_fake_stderr                                  /home/ryouya/STM32Toolchain/gcc-arm-none-eabi-5_4-2016q3.2/bin/../lib/gcc/arm-none-eabi/5.4.1/../../../../arm-none-eabi/lib/armv7e-m/fpu/libc_nano.a(lib_a-impure.o)
__sf_fake_stdin                                   /home/ryouya/STM32Toolchain/gcc-arm-none-eabi-5_4-2016q3.2/bin/../lib/gcc/arm-none-eabi/5.4.1/../../../../arm-none-eabi/lib/armv7e-m/fpu/libc_nano.a(lib_a-impure.o)
__sf_fake_stdout                                  /home/ryouya/STM32Toolchain/gcc-arm-none-eabi-5_4-2016q3.2/bin/../lib/gcc/arm-none-eabi/5.4.1/../../../../arm-none-eabi/lib/armv7e-m/fpu/libc_nano.a(lib_a-impure.o)
__ssprint_r                                       /home/ryouya/STM32Toolchain/gcc-arm-none-eabi-5_4-2016q3.2/bin/../lib/gcc/arm-none-eabi/5.4.1/../../../../arm-none-eabi/lib/armv7e-m/fpu/libc_nano.a(lib_a-nano-svfprintf.o)
__ssputs_r                                        /home/ryouya/STM32Toolchain/gcc-arm-none-eabi-5_4-2016q3.2/bin/../lib/gcc/arm-none-eabi/5.4.1/../../../../arm-none-eabi/lib/armv7e-m/fpu/libc_nano.a(lib_a-nano-svfprintf.o)
__stack                                           /home/ryouya/STM32Toolchain/gcc-arm-none-eabi-5_4-2016q3.2/bin/../lib/gcc/arm-none-eabi/5.4.1/../../../../arm-none-eabi/lib/armv7e-m/fpu/crt0.o
__subdf3                                          /home/ryouya/STM32Toolchain/gcc-arm-none-eabi-5_4-2016q3.2/bin/../lib/gcc/arm-none-eabi/5.4.1/armv7e-m/fpu/libgcc.a(_arm_addsubdf3.o)
_ebss                                             build/startup_stm32f401xe.o
_edata                                            build/startup_stm32f401xe.o
_estack                                           build/startup_stm32f401xe.o
_exit                                             /home/ryouya/STM32Toolchain/gcc-arm-none-eabi-5_4-2016q3.2/bin/../lib/gcc/arm-none-eabi/5.4.1/../../../../arm-none-eabi/lib/armv7e-m/fpu/libnosys.a(_exit.o)
                                                  /home/ryouya/STM32Toolchain/gcc-arm-none-eabi-5_4-2016q3.2/bin/../lib/gcc/arm-none-eabi/5.4.1/../../../../arm-none-eabi/lib/armv7e-m/fpu/libc_nano.a(lib_a-exit.o)
_fini                                             /home/ryouya/STM32Toolchain/gcc-arm-none-eabi-5_4-2016q3.2/bin/../lib/gcc/arm-none-eabi/5.4.1/armv7e-m/fpu/crti.o
_free_r                                           /home/ryouya/STM32Toolchain/gcc-arm-none-eabi-5_4-2016q3.2/bin/../lib/gcc/arm-none-eabi/5.4.1/../../../../arm-none-eabi/lib/armv7e-m/fpu/libc_nano.a(lib_a-nano-freer.o)
                                                  /home/ryouya/STM32Toolchain/gcc-arm-none-eabi-5_4-2016q3.2/bin/../lib/gcc/arm-none-eabi/5.4.1/../../../../arm-none-eabi/lib/armv7e-m/fpu/libc_nano.a(lib_a-reent.o)
                                                  /home/ryouya/STM32Toolchain/gcc-arm-none-eabi-5_4-2016q3.2/bin/../lib/gcc/arm-none-eabi/5.4.1/../../../../arm-none-eabi/lib/armv7e-m/fpu/libc_nano.a(lib_a-nano-reallocr.o)
                                                  /home/ryouya/STM32Toolchain/gcc-arm-none-eabi-5_4-2016q3.2/bin/../lib/gcc/arm-none-eabi/5.4.1/../../../../arm-none-eabi/lib/armv7e-m/fpu/libc_nano.a(lib_a-nano-svfprintf.o)